Archive member included because of file (symbol)

c:/stm32toolchain/gnu-arm/4.8-2014q3/bin/../lib/gcc/arm-none-eabi/4.8.4/armv6-m\libgcc.a(_udivsi3.o)
                              ./system/src/stm32f0-stdperiph/stm32f0xx_rcc.o (__aeabi_uidiv)
c:/stm32toolchain/gnu-arm/4.8-2014q3/bin/../lib/gcc/arm-none-eabi/4.8.4/armv6-m\libgcc.a(_dvmd_tls.o)
                              c:/stm32toolchain/gnu-arm/4.8-2014q3/bin/../lib/gcc/arm-none-eabi/4.8.4/armv6-m\libgcc.a(_udivsi3.o) (__aeabi_idiv0)
c:/stm32toolchain/gnu-arm/4.8-2014q3/bin/../lib/gcc/arm-none-eabi/4.8.4/../../../../arm-none-eabi/lib/armv6-m\libg_s.a(lib_a-errno.o)
                              ./system/src/newlib/_sbrk.o (__errno)
c:/stm32toolchain/gnu-arm/4.8-2014q3/bin/../lib/gcc/arm-none-eabi/4.8.4/../../../../arm-none-eabi/lib/armv6-m\libg_s.a(lib_a-impure.o)
                              c:/stm32toolchain/gnu-arm/4.8-2014q3/bin/../lib/gcc/arm-none-eabi/4.8.4/../../../../arm-none-eabi/lib/armv6-m\libg_s.a(lib_a-errno.o) (_impure_ptr)

Allocating common symbols
Common symbol       size              file

timer_delayCount    0x4               ./src/Timer.o
errno               0x4               ./system/src/newlib/_syscalls.o

Discarded input sections

 .group         0x00000000        0x8 ./system/src/stm32f0-stdperiph/stm32f0xx_gpio.o
 .group         0x00000000        0x8 ./system/src/stm32f0-stdperiph/stm32f0xx_gpio.o
 .group         0x00000000        0x8 ./system/src/stm32f0-stdperiph/stm32f0xx_gpio.o
 .group         0x00000000        0x8 ./system/src/stm32f0-stdperiph/stm32f0xx_gpio.o
 .group         0x00000000        0x8 ./system/src/stm32f0-stdperiph/stm32f0xx_gpio.o
 .group         0x00000000        0x8 ./system/src/stm32f0-stdperiph/stm32f0xx_gpio.o
 .group         0x00000000        0x8 ./system/src/stm32f0-stdperiph/stm32f0xx_gpio.o
 .group         0x00000000        0x8 ./system/src/stm32f0-stdperiph/stm32f0xx_gpio.o
 .group         0x00000000        0x8 ./system/src/stm32f0-stdperiph/stm32f0xx_gpio.o
 .group         0x00000000        0x8 ./system/src/stm32f0-stdperiph/stm32f0xx_gpio.o
 .group         0x00000000        0x8 ./system/src/stm32f0-stdperiph/stm32f0xx_gpio.o
 .group         0x00000000        0x8 ./system/src/stm32f0-stdperiph/stm32f0xx_gpio.o
 .group         0x00000000        0x8 ./system/src/stm32f0-stdperiph/stm32f0xx_gpio.o
 .group         0x00000000        0x8 ./system/src/stm32f0-stdperiph/stm32f0xx_gpio.o
 .group         0x00000000        0x8 ./system/src/stm32f0-stdperiph/stm32f0xx_gpio.o
 .group         0x00000000        0x8 ./system/src/stm32f0-stdperiph/stm32f0xx_gpio.o
 .group         0x00000000        0x8 ./system/src/stm32f0-stdperiph/stm32f0xx_gpio.o
 .group         0x00000000        0x8 ./system/src/stm32f0-stdperiph/stm32f0xx_gpio.o
 .group         0x00000000        0x8 ./system/src/stm32f0-stdperiph/stm32f0xx_gpio.o
 .group         0x00000000        0x8 ./system/src/stm32f0-stdperiph/stm32f0xx_gpio.o
 .group         0x00000000        0x8 ./system/src/stm32f0-stdperiph/stm32f0xx_gpio.o
 .group         0x00000000        0x8 ./system/src/stm32f0-stdperiph/stm32f0xx_gpio.o
 .group         0x00000000        0x8 ./system/src/stm32f0-stdperiph/stm32f0xx_gpio.o
 .group         0x00000000        0x8 ./system/src/stm32f0-stdperiph/stm32f0xx_gpio.o
 .group         0x00000000        0x8 ./system/src/stm32f0-stdperiph/stm32f0xx_gpio.o
 .group         0x00000000        0x8 ./system/src/stm32f0-stdperiph/stm32f0xx_gpio.o
 .group         0x00000000        0x8 ./system/src/stm32f0-stdperiph/stm32f0xx_gpio.o
 .group         0x00000000        0x8 ./system/src/stm32f0-stdperiph/stm32f0xx_gpio.o
 .group         0x00000000        0x8 ./system/src/stm32f0-stdperiph/stm32f0xx_gpio.o
 .group         0x00000000        0x8 ./system/src/stm32f0-stdperiph/stm32f0xx_gpio.o
 .text          0x00000000        0x0 ./system/src/stm32f0-stdperiph/stm32f0xx_gpio.o
 .data          0x00000000        0x0 ./system/src/stm32f0-stdperiph/stm32f0xx_gpio.o
 .bss           0x00000000        0x0 ./system/src/stm32f0-stdperiph/stm32f0xx_gpio.o
 .text.GPIO_DeInit
                0x00000000       0xf4 ./system/src/stm32f0-stdperiph/stm32f0xx_gpio.o
 .text.GPIO_StructInit
                0x00000000       0x18 ./system/src/stm32f0-stdperiph/stm32f0xx_gpio.o
 .text.GPIO_PinLockConfig
                0x00000000       0x54 ./system/src/stm32f0-stdperiph/stm32f0xx_gpio.o
 .text.GPIO_ReadInputDataBit
                0x00000000       0xc8 ./system/src/stm32f0-stdperiph/stm32f0xx_gpio.o
 .text.GPIO_ReadInputData
                0x00000000       0x54 ./system/src/stm32f0-stdperiph/stm32f0xx_gpio.o
 .text.GPIO_ReadOutputDataBit
                0x00000000       0xc8 ./system/src/stm32f0-stdperiph/stm32f0xx_gpio.o
 .text.GPIO_ReadOutputData
                0x00000000       0x54 ./system/src/stm32f0-stdperiph/stm32f0xx_gpio.o
 .text.GPIO_WriteBit
                0x00000000       0xd4 ./system/src/stm32f0-stdperiph/stm32f0xx_gpio.o
 .text.GPIO_Write
[...]
Memory Configuration

Name             Origin             Length             Attributes
RAM              0x20000000         0x00002000         xrw
CCMRAM           0x00000000         0x00000000         xrw
FLASH            0x08000000         0x00010000         xr
FLASHB1          0x00000000         0x00000000         xr
EXTMEMB0         0x00000000         0x00000000         xr
EXTMEMB1         0x00000000         0x00000000         xr
EXTMEMB2         0x00000000         0x00000000         xr
EXTMEMB3         0x00000000         0x00000000         xr
MEMORY_ARRAY     0x00000000         0x00000000         xrw
*default*        0x00000000         0xffffffff

Linker script and memory map

LOAD ./system/src/stm32f0-stdperiph/stm32f0xx_gpio.o
LOAD ./system/src/stm32f0-stdperiph/stm32f0xx_rcc.o
LOAD ./system/src/newlib/_cxx.o
LOAD ./system/src/newlib/_exit.o
LOAD ./system/src/newlib/_sbrk.o
LOAD ./system/src/newlib/_startup.o
LOAD ./system/src/newlib/_syscalls.o
LOAD ./system/src/newlib/assert.o
LOAD ./system/src/diag/Trace.o
LOAD ./system/src/diag/trace_impl.o
LOAD ./system/src/cortexm/_initialize_hardware.o
LOAD ./system/src/cortexm/_reset_hardware.o
LOAD ./system/src/cortexm/exception_handlers.o
LOAD ./system/src/cmsis/system_stm32f0xx.o
LOAD ./system/src/cmsis/vectors_stm32f0xx.o
LOAD ./src/BlinkLed.o
LOAD ./src/Timer.o
LOAD ./src/_write.o
LOAD ./src/main.o
LOAD c:/stm32toolchain/gnu-arm/4.8-2014q3/bin/../lib/gcc/arm-none-eabi/4.8.4/../../../../arm-none-eabi/lib/armv6-m\libstdc++_s.a
LOAD c:/stm32toolchain/gnu-arm/4.8-2014q3/bin/../lib/gcc/arm-none-eabi/4.8.4/../../../../arm-none-eabi/lib/armv6-m\libm.a
START GROUP
LOAD c:/stm32toolchain/gnu-arm/4.8-2014q3/bin/../lib/gcc/arm-none-eabi/4.8.4/armv6-m\libgcc.a
LOAD c:/stm32toolchain/gnu-arm/4.8-2014q3/bin/../lib/gcc/arm-none-eabi/4.8.4/../../../../arm-none-eabi/lib/armv6-m\libg_s.a
LOAD c:/stm32toolchain/gnu-arm/4.8-2014q3/bin/../lib/gcc/arm-none-eabi/4.8.4/../../../../arm-none-eabi/lib/armv6-m\libc_s.a
END GROUP
START GROUP
LOAD c:/stm32toolchain/gnu-arm/4.8-2014q3/bin/../lib/gcc/arm-none-eabi/4.8.4/armv6-m\libgcc.a
LOAD c:/stm32toolchain/gnu-arm/4.8-2014q3/bin/../lib/gcc/arm-none-eabi/4.8.4/../../../../arm-none-eabi/lib/armv6-m\libc_s.a
END GROUP
                0x20002000                __stack = (ORIGIN (RAM) + 0x2000)
                0x20002000                _estack = __stack
                0x00000400                __Main_Stack_Size = 0x400
                0x00000400                PROVIDE (_Main_Stack_Size, __Main_Stack_Size)
                0x20001c00                __Main_Stack_Limit = (__stack - __Main_Stack_Size)
                0x20001c00                PROVIDE (_Main_Stack_Limit, __Main_Stack_Limit)
                0x00000100                _Minimum_Stack_Size = 0x100
                0x20000034                PROVIDE (_Heap_Begin, _end_noinit)
                0x20001c00                PROVIDE (_Heap_Limit, (__stack - __Main_Stack_Size))

.isr_vector     0x08000000      0x218
 FILL mask 0xff
                0x08000000                __vectors_start = ABSOLUTE (.)
                0x08000000                __vectors_start__ = ABSOLUTE (.)
 *(.isr_vector)
 .isr_vector    0x08000000       0xc4 ./system/src/cmsis/vectors_stm32f0xx.o
                0x08000000                g_pfnVectors
 *(.cfmconfig)
 *(.after_vectors .after_vectors.*)
 .after_vectors
                0x080000c4      0x118 ./system/src/newlib/_startup.o
                0x080000c4                _start
 .after_vectors
                0x080001dc       0x38 ./system/src/cortexm/exception_handlers.o
                0x080001dc                Reset_Handler
                0x080001e4                NMI_Handler
                0x080001e8                HardFault_Handler
                0x08000200                HardFault_Handler_C
                0x08000204                SVC_Handler
                0x08000208                PendSV_Handler
 .after_vectors
                0x08000214        0x4 ./system/src/cmsis/vectors_stm32f0xx.o
                0x08000214                TIM1_CC_IRQHandler
                0x08000214                TSC_IRQHandler
                0x08000214                ADC1_COMP_IRQHandler
                0x08000214                TIM6_IRQHandler
                0x08000214                PVD_IRQHandler
                0x08000214                I2C1_IRQHandler
                0x08000214                RCC_CRS_IRQHandler
                0x08000214                SPI1_IRQHandler
                0x08000214                TIM6_DAC_IRQHandler
                0x08000214                USART3_4_IRQHandler
                0x08000214                EXTI2_3_IRQHandler
                0x08000214                ADC1_IRQHandler
                0x08000214                I2C2_IRQHandler
                0x08000214                USART3_6_IRQHandler
                0x08000214                TIM17_IRQHandler
                0x08000214                CEC_CAN_IRQHandler
                0x08000214                RTC_IRQHandler
                0x08000214                PVD_VDDIO2_IRQHandler
                0x08000214                DMA1_Channel4_5_6_7_IRQHandler
                0x08000214                TIM16_IRQHandler
                0x08000214                TIM3_IRQHandler
                0x08000214                EXTI4_15_IRQHandler
                0x08000214                RCC_IRQHandler
                0x08000214                USART3_8_IRQHandler
                0x08000214                DMA1_Channel1_IRQHandler
                0x08000214                Default_Handler
                0x08000214                CEC_IRQHandler
                0x08000214                TIM14_IRQHandler
                0x08000214                DMA1_Channel4_5_IRQHandler
                0x08000214                TIM7_IRQHandler
                0x08000214                TIM15_IRQHandler
                0x08000214                EXTI0_1_IRQHandler
                0x08000214                USB_IRQHandler
                0x08000214                DMA1_Ch2_3_DMA2_Ch1_2_IRQHandler
                0x08000214                SPI2_IRQHandler
                0x08000214                DMA1_Ch4_7_DMA2_Ch3_5_IRQHandler
                0x08000214                TS_IRQHandler
                0x08000214                WWDG_IRQHandler
                0x08000214                TIM2_IRQHandler
                0x08000214                DMA1_Channel2_3_IRQHandler
                0x08000214                USART2_IRQHandler
                0x08000214                VDDIO2_IRQHandler
                0x08000214                FLASH_IRQHandler
                0x08000214                USART1_IRQHandler
                0x08000214                TIM1_BRK_UP_TRG_COM_IRQHandler

.inits          0x08000218       0x28
                0x08000218                __data_regions_array_start = .
                0x08000218        0x4 LONG 0x800083c LOADADDR (.data)
                0x0800021c        0x4 LONG 0x20000000 ADDR (.data)
                0x08000220        0x4 LONG 0x20000024 (ADDR (.data) + SIZEOF (.data))
                0x08000224        0x4 LONG 0x800083c LOADADDR (.data_CCMRAM)
                0x08000228        0x4 LONG 0x0 ADDR (.data_CCMRAM)
                0x0800022c        0x4 LONG 0x0 (ADDR (.data_CCMRAM) + SIZEOF (.data_CCMRAM))
                0x08000230                __data_regions_array_end = .
                0x08000230                __bss_regions_array_start = .
                0x08000230        0x4 LONG 0x20000024 ADDR (.bss)
                0x08000234        0x4 LONG 0x20000034 (ADDR (.bss) + SIZEOF (.bss))
                0x08000238        0x4 LONG 0x0 ADDR (.bss_CCMRAM)
                0x0800023c        0x4 LONG 0x0 (ADDR (.bss_CCMRAM) + SIZEOF (.bss_CCMRAM))
                0x08000240                __bss_regions_array_end = .
 *(.init)
 *(.fini)
                0x08000240                . = ALIGN (0x4)
                0x08000240                PROVIDE (__preinit_array_start, .)
 *(.preinit_array_sysinit .preinit_array_sysinit.*)
 *(.preinit_array_platform .preinit_array_platform.*)
 *(.preinit_array .preinit_array.*)
                0x08000240                PROVIDE (__preinit_array_end, .)
                0x08000240                . = ALIGN (0x4)
                0x08000240                PROVIDE (__init_array_start, .)
 *(SORT(.init_array.*))
 *(.init_array)
                0x08000240                PROVIDE (__init_array_end, .)
                0x08000240                . = ALIGN (0x4)
                0x08000240                PROVIDE (__fini_array_start, .)
 *(SORT(.fini_array.*))
 *(.fini_array)
                0x08000240                PROVIDE (__fini_array_end, .)

.flashtext
 *(.flashtext .flashtext.*)

.text           0x08000240      0x5fc
 *(.text .text.*)
 .text.GPIO_Init
                0x08000240      0x118 ./system/src/stm32f0-stdperiph/stm32f0xx_gpio.o
                0x08000240                GPIO_Init
 .text.GPIO_SetBits
                0x08000358       0x60 ./system/src/stm32f0-stdperiph/stm32f0xx_gpio.o
                0x08000358                GPIO_SetBits
 .text.GPIO_ResetBits
                0x080003b8       0x60 ./system/src/stm32f0-stdperiph/stm32f0xx_gpio.o
                0x080003b8                GPIO_ResetBits
 .text.RCC_AHBPeriphClockCmd
                0x08000418       0x50 ./system/src/stm32f0-stdperiph/stm32f0xx_rcc.o
                0x08000418                RCC_AHBPeriphClockCmd
 .text._exit    0x08000468        0x4 ./system/src/newlib/_exit.o
                0x08000468                _exit
 .text.abort    0x0800046c        0x8 ./system/src/newlib/_exit.o
                0x0800046c                abort
 .text.__initialize_args
                0x08000474       0x10 ./system/src/newlib/_syscalls.o
                0x08000474                __initialize_args
 .text.assert_failed
                0x08000484        0x8 ./system/src/newlib/assert.o
                0x08000484                assert_failed
 .text.__initialize_hardware_early
                0x0800048c        0x8 ./system/src/cortexm/_initialize_hardware.o
                0x0800048c                __initialize_hardware_early
 .text.__initialize_hardware
                0x08000494        0x8 ./system/src/cortexm/_initialize_hardware.o
                0x08000494                __initialize_hardware
 .text.SetSysClock
                0x0800049c       0xb0 ./system/src/cmsis/system_stm32f0xx.o
 .text.SystemInit
                0x0800054c       0x64 ./system/src/cmsis/system_stm32f0xx.o
                0x0800054c                SystemInit
 .text.SystemCoreClockUpdate
                0x080005b0       0x90 ./system/src/cmsis/system_stm32f0xx.o
                0x080005b0                SystemCoreClockUpdate
 .text.blink_led_init
                0x08000640       0x3c ./src/BlinkLed.o
                0x08000640                blink_led_init
 .text.timer_start
                0x0800067c       0x44 ./src/Timer.o
                0x0800067c                timer_start
 .text.timer_sleep
                0x080006c0       0x14 ./src/Timer.o
                0x080006c0                timer_sleep
 .text.timer_tick
                0x080006d4       0x18 ./src/Timer.o
                0x080006d4                timer_tick
 .text.SysTick_Handler
                0x080006ec        0x8 ./src/Timer.o
                0x080006ec                SysTick_Handler
 .text.main     0x080006f4       0x44 ./src/main.o
                0x080006f4                main
 .text          0x08000738       0x9c c:/stm32toolchain/gnu-arm/4.8-2014q3/bin/../lib/gcc/arm-none-eabi/4.8.4/armv6-m\libgcc.a(_udivsi3.o)
                0x08000738                __aeabi_uidiv
                0x08000738                __udivsi3
                0x080007c0                __aeabi_uidivmod
 .text          0x080007d4        0x4 c:/stm32toolchain/gnu-arm/4.8-2014q3/bin/../lib/gcc/arm-none-eabi/4.8.4/armv6-m\libgcc.a(_dvmd_tls.o)
                0x080007d4                __aeabi_idiv0
                0x080007d4                __aeabi_ldiv0
 *(.rodata .rodata.* .constdata .constdata.*)
 .rodata.str1.4
                0x080007d8       0x31 ./system/src/stm32f0-stdperiph/stm32f0xx_gpio.o
                                 0x34 (size before relaxing)
 *fill*         0x08000809        0x3 
 .rodata.str1.4
                0x0800080c       0x30 ./system/src/stm32f0-stdperiph/stm32f0xx_rcc.o
 *(vtable)
 *(.eh_frame*)
 *(.glue_7)
 .glue_7        0x00000000        0x0 linker stubs
 *(.glue_7t)
 .glue_7t       0x00000000        0x0 linker stubs

.vfp11_veneer   0x0800083c        0x0
 .vfp11_veneer  0x00000000        0x0 linker stubs

.v4_bx          0x0800083c        0x0
 .v4_bx         0x00000000        0x0 linker stubs

.iplt           0x0800083c        0x0
 .iplt          0x00000000        0x0 ./system/src/stm32f0-stdperiph/stm32f0xx_gpio.o

.rel.dyn        0x0800083c        0x0
 .rel.iplt      0x00000000        0x0 ./system/src/stm32f0-stdperiph/stm32f0xx_gpio.o

.ARM.extab
 *(.ARM.extab* .gnu.linkonce.armextab.*)
                0x0800083c                . = ALIGN (0x4)
                0x0800083c                __exidx_start = .

.ARM.exidx
 *(.ARM.exidx* .gnu.linkonce.armexidx.*)
                0x0800083c                __exidx_end = .
                0x0800083c                . = ALIGN (0x4)
                0x0800083c                _etext = .
                0x0800083c                __etext = .

.data_CCMRAM    0x00000000        0x0 load address 0x0800083c
 FILL mask 0xff
 *(.data.CCMRAM .data.CCMRAM.*)
                0x00000000                . = ALIGN (0x4)
                0x0800083c                _sidata = LOADADDR (.data)

.data           0x20000000       0x24 load address 0x0800083c
 FILL mask 0xff
                0x20000000                _sdata = .
                0x20000000                __data_start__ = .
 *(.data_begin .data_begin.*)
 .data_begin    0x20000000        0x4 ./system/src/newlib/_startup.o
 *(.data .data.*)
 .data.argv.4015
                0x20000004        0x8 ./system/src/newlib/_syscalls.o
 .data.AHBPrescTable
                0x2000000c       0x10 ./system/src/cmsis/system_stm32f0xx.o
                0x2000000c                AHBPrescTable
 .data.SystemCoreClock
                0x2000001c        0x4 ./system/src/cmsis/system_stm32f0xx.o
                0x2000001c                SystemCoreClock
 *(.data_end .data_end.*)
 .data_end      0x20000020        0x4 ./system/src/newlib/_startup.o
                0x20000024                . = ALIGN (0x4)
                0x20000024                _edata = .
                0x20000024                __data_end__ = .

.igot.plt       0x20000024        0x0 load address 0x08000860
 .igot.plt      0x00000000        0x0 ./system/src/stm32f0-stdperiph/stm32f0xx_gpio.o

.bss_CCMRAM     0x00000000        0x0
 *(.bss.CCMRAM .bss.CCMRAM.*)

.bss            0x20000024       0x10
                0x20000024                __bss_start__ = .
                0x20000024                _sbss = .
 *(.bss_begin .bss_begin.*)
 .bss_begin     0x20000024        0x4 ./system/src/newlib/_startup.o
 *(.bss .bss.*)
 .bss.name.4014
                0x20000028        0x4 ./system/src/newlib/_syscalls.o
 *(COMMON)
 COMMON         0x2000002c        0x4 ./src/Timer.o
                0x2000002c                timer_delayCount
 *(.bss_end .bss_end.*)
 .bss_end       0x20000030        0x4 ./system/src/newlib/_startup.o
                0x20000034                . = ALIGN (0x4)
                0x20000034                __bss_end__ = .
                0x20000034                _ebss = .

.noinit_CCMRAM
 *(.noinit.CCMRAM .noinit.CCMRAM.*)

.noinit         0x20000034        0x0
                0x20000034                _noinit = .
 *(.noinit .noinit.*)
                0x20000034                . = ALIGN (0x4)
                0x20000034                _end_noinit = .
                0x20000034                PROVIDE (end, _end_noinit)
                0x20000034                PROVIDE (_end, _end_noinit)
                0x20000034                PROVIDE (__end, _end_noinit)
                0x20000034                PROVIDE (__end__, _end_noinit)

._check_stack   0x20000034      0x100
                0x20000134                . = (. + _Minimum_Stack_Size)
 *fill*         0x20000034      0x100 

.b1text
 *(.b1text)
 *(.b1rodata)
 *(.b1rodata.*)

.eb0text
 *(.eb0text)
 *(.eb0rodata)
 *(.eb0rodata.*)

.eb1text
 *(.eb1text)
 *(.eb1rodata)
 *(.eb1rodata.*)

.eb2text
 *(.eb2text)
 *(.eb2rodata)
 *(.eb2rodata.*)

.eb3text
 *(.eb3text)
 *(.eb3rodata)
 *(.eb3rodata.*)

.stab
 *(.stab)

.stabstr
 *(.stabstr)

.stab.excl
 *(.stab.excl)

.stab.exclstr
 *(.stab.exclstr)

.stab.index
 *(.stab.index)

.stab.indexstr
 *(.stab.indexstr)

.comment        0x00000000       0x70
 *(.comment)
 .comment       0x00000000       0x70 ./system/src/stm32f0-stdperiph/stm32f0xx_gpio.o
                                 0x71 (size before relaxing)
 .comment       0x00000000       0x71 ./system/src/stm32f0-stdperiph/stm32f0xx_rcc.o
 .comment       0x00000000       0x71 ./system/src/newlib/_exit.o
 .comment       0x00000000       0x71 ./system/src/newlib/_startup.o
 .comment       0x00000000       0x71 ./system/src/newlib/_syscalls.o
 .comment       0x00000000       0x71 ./system/src/newlib/assert.o
 .comment       0x00000000       0x71 ./system/src/cortexm/_initialize_hardware.o
 .comment       0x00000000       0x71 ./system/src/cortexm/exception_handlers.o
 .comment       0x00000000       0x71 ./system/src/cmsis/system_stm32f0xx.o
 .comment       0x00000000       0x71 ./system/src/cmsis/vectors_stm32f0xx.o
 .comment       0x00000000       0x71 ./src/BlinkLed.o
 .comment       0x00000000       0x71 ./src/Timer.o
 .comment       0x00000000       0x71 ./src/main.o

.ARM.attributes
                0x00000000       0x31
 .ARM.attributes
                0x00000000       0x31 ./system/src/stm32f0-stdperiph/stm32f0xx_gpio.o
 .ARM.attributes
                0x00000031       0x31 ./system/src/stm32f0-stdperiph/stm32f0xx_rcc.o
 .ARM.attributes
                0x00000062       0x31 ./system/src/newlib/_exit.o
 .ARM.attributes
                0x00000093       0x31 ./system/src/newlib/_startup.o
 .ARM.attributes
                0x000000c4       0x31 ./system/src/newlib/_syscalls.o
 .ARM.attributes
                0x000000f5       0x31 ./system/src/newlib/assert.o
 .ARM.attributes
                0x00000126       0x31 ./system/src/cortexm/_initialize_hardware.o
 .ARM.attributes
                0x00000157       0x31 ./system/src/cortexm/exception_handlers.o
 .ARM.attributes
                0x00000188       0x31 ./system/src/cmsis/system_stm32f0xx.o
 .ARM.attributes
                0x000001b9       0x31 ./system/src/cmsis/vectors_stm32f0xx.o
 .ARM.attributes
                0x000001ea       0x31 ./src/BlinkLed.o
 .ARM.attributes
                0x0000021b       0x31 ./src/Timer.o
 .ARM.attributes
                0x0000024c       0x31 ./src/main.o
 .ARM.attributes
                0x0000027d       0x1e c:/stm32toolchain/gnu-arm/4.8-2014q3/bin/../lib/gcc/arm-none-eabi/4.8.4/armv6-m\libgcc.a(_udivsi3.o)
 .ARM.attributes
                0x0000029b       0x1e c:/stm32toolchain/gnu-arm/4.8-2014q3/bin/../lib/gcc/arm-none-eabi/4.8.4/armv6-m\libgcc.a(_dvmd_tls.o)

.debug
 *(.debug)

.line
 *(.line)

.debug_srcinfo
 *(.debug_srcinfo)

.debug_sfnames
 *(.debug_sfnames)

.debug_aranges  0x00000000      0x3e0
 *(.debug_aranges)
 .debug_aranges
                0x00000000       0x80 ./system/src/stm32f0-stdperiph/stm32f0xx_gpio.o
 .debug_aranges
                0x00000080      0x160 ./system/src/stm32f0-stdperiph/stm32f0xx_rcc.o
 .debug_aranges
                0x000001e0       0x28 ./system/src/newlib/_exit.o
 .debug_aranges
                0x00000208       0x40 ./system/src/newlib/_startup.o
 .debug_aranges
                0x00000248       0x30 ./system/src/newlib/_syscalls.o
 .debug_aranges
                0x00000278       0x28 ./system/src/newlib/assert.o
 .debug_aranges
                0x000002a0       0x28 ./system/src/cortexm/_initialize_hardware.o
 .debug_aranges
                0x000002c8       0x50 ./system/src/cortexm/exception_handlers.o
 .debug_aranges
                0x00000318       0x30 ./system/src/cmsis/system_stm32f0xx.o
 .debug_aranges
                0x00000348       0x20 ./system/src/cmsis/vectors_stm32f0xx.o
 .debug_aranges
                0x00000368       0x20 ./src/BlinkLed.o
 .debug_aranges
                0x00000388       0x38 ./src/Timer.o
 .debug_aranges
                0x000003c0       0x20 ./src/main.o

.debug_pubnames
 *(.debug_pubnames)

.debug_info     0x00000000     0x32ce
 *(.debug_info .gnu.linkonce.wi.*)
 .debug_info    0x00000000      0xa11 ./system/src/stm32f0-stdperiph/stm32f0xx_gpio.o
 .debug_info    0x00000a11      0xf24 ./system/src/stm32f0-stdperiph/stm32f0xx_rcc.o
 .debug_info    0x00001935       0xee ./system/src/newlib/_exit.o
 .debug_info    0x00001a23      0x474 ./system/src/newlib/_startup.o
 .debug_info    0x00001e97      0x1bc ./system/src/newlib/_syscalls.o
 .debug_info    0x00002053      0x168 ./system/src/newlib/assert.o
 .debug_info    0x000021bb       0xc3 ./system/src/cortexm/_initialize_hardware.o
 .debug_info    0x0000227e      0x1b5 ./system/src/cortexm/exception_handlers.o
 .debug_info    0x00002433      0x2e8 ./system/src/cmsis/system_stm32f0xx.o
 .debug_info    0x0000271b       0xd1 ./system/src/cmsis/vectors_stm32f0xx.o
 .debug_info    0x000027ec      0x359 ./src/BlinkLed.o
 .debug_info    0x00002b45      0x472 ./src/Timer.o
 .debug_info    0x00002fb7      0x317 ./src/main.o

.debug_abbrev   0x00000000     0x104b
 *(.debug_abbrev)
 .debug_abbrev  0x00000000      0x1db ./system/src/stm32f0-stdperiph/stm32f0xx_gpio.o
 .debug_abbrev  0x000001db      0x23e ./system/src/stm32f0-stdperiph/stm32f0xx_rcc.o
 .debug_abbrev  0x00000419       0xb7 ./system/src/newlib/_exit.o
 .debug_abbrev  0x000004d0      0x1e9 ./system/src/newlib/_startup.o
 .debug_abbrev  0x000006b9       0xee ./system/src/newlib/_syscalls.o
 .debug_abbrev  0x000007a7       0xb6 ./system/src/newlib/assert.o
 .debug_abbrev  0x0000085d       0x63 ./system/src/cortexm/_initialize_hardware.o
 .debug_abbrev  0x000008c0       0xfd ./system/src/cortexm/exception_handlers.o
 .debug_abbrev  0x000009bd      0x146 ./system/src/cmsis/system_stm32f0xx.o
 .debug_abbrev  0x00000b03       0x9d ./system/src/cmsis/vectors_stm32f0xx.o
 .debug_abbrev  0x00000ba0      0x15c ./src/BlinkLed.o
 .debug_abbrev  0x00000cfc      0x1b5 ./src/Timer.o
 .debug_abbrev  0x00000eb1      0x19a ./src/main.o

.debug_line     0x00000000     0x32b0
 *(.debug_line)
 .debug_line    0x00000000      0x549 ./system/src/stm32f0-stdperiph/stm32f0xx_gpio.o
 .debug_line    0x00000549      0x85f ./system/src/stm32f0-stdperiph/stm32f0xx_rcc.o
 .debug_line    0x00000da8      0x261 ./system/src/newlib/_exit.o
 .debug_line    0x00001009      0x2d2 ./system/src/newlib/_startup.o
 .debug_line    0x000012db      0x306 ./system/src/newlib/_syscalls.o
 .debug_line    0x000015e1      0x28a ./system/src/newlib/assert.o
 .debug_line    0x0000186b      0x36e ./system/src/cortexm/_initialize_hardware.o
 .debug_line    0x00001bd9      0x5d9 ./system/src/cortexm/exception_handlers.o
 .debug_line    0x000021b2      0x3a5 ./system/src/cmsis/system_stm32f0xx.o
 .debug_line    0x00002557       0xef ./system/src/cmsis/vectors_stm32f0xx.o
 .debug_line    0x00002646      0x34a ./src/BlinkLed.o
 .debug_line    0x00002990      0x3c6 ./src/Timer.o
 .debug_line    0x00002d56      0x55a ./src/main.o

.debug_frame    0x00000000      0x8b0
 *(.debug_frame)
 .debug_frame   0x00000000      0x164 ./system/src/stm32f0-stdperiph/stm32f0xx_gpio.o
 .debug_frame   0x00000164      0x3f4 ./system/src/stm32f0-stdperiph/stm32f0xx_rcc.o
 .debug_frame   0x00000558       0x38 ./system/src/newlib/_exit.o
 .debug_frame   0x00000590       0x80 ./system/src/newlib/_startup.o
 .debug_frame   0x00000610       0x50 ./system/src/newlib/_syscalls.o
 .debug_frame   0x00000660       0x40 ./system/src/newlib/assert.o
 .debug_frame   0x000006a0       0x40 ./system/src/cortexm/_initialize_hardware.o
 .debug_frame   0x000006e0       0x88 ./system/src/cortexm/exception_handlers.o
 .debug_frame   0x00000768       0x54 ./system/src/cmsis/system_stm32f0xx.o
 .debug_frame   0x000007bc       0x20 ./system/src/cmsis/vectors_stm32f0xx.o
 .debug_frame   0x000007dc       0x2c ./src/BlinkLed.o
 .debug_frame   0x00000808       0x60 ./src/Timer.o
 .debug_frame   0x00000868       0x28 ./src/main.o
 .debug_frame   0x00000890       0x20 c:/stm32toolchain/gnu-arm/4.8-2014q3/bin/../lib/gcc/arm-none-eabi/4.8.4/armv6-m\libgcc.a(_udivsi3.o)

.debug_str      0x00000000    0x4fb7d
 *(.debug_str)
 .debug_str     0x00000000    0x49b1a ./system/src/stm32f0-stdperiph/stm32f0xx_gpio.o
                              0x49cb6 (size before relaxing)
 .debug_str     0x00049b1a      0x664 ./system/src/stm32f0-stdperiph/stm32f0xx_rcc.o
                              0x4a050 (size before relaxing)
 .debug_str     0x0004a17e     0x2989 ./system/src/newlib/_exit.o
                               0x4dd1 (size before relaxing)
 .debug_str     0x0004cb07      0x266 ./system/src/newlib/_startup.o
                               0x3f5d (size before relaxing)
 .debug_str     0x0004cd6d     0x10a9 ./system/src/newlib/_syscalls.o
                               0x5003 (size before relaxing)
 .debug_str     0x0004de16       0xdc ./system/src/newlib/assert.o
                               0x58dd (size before relaxing)
 .debug_str     0x0004def2       0x67 ./system/src/cortexm/_initialize_hardware.o
                              0x499d3 (size before relaxing)
 .debug_str     0x0004df59     0x1006 ./system/src/cortexm/exception_handlers.o
                              0x4d26e (size before relaxing)
 .debug_str     0x0004ef5f       0x67 ./system/src/cmsis/system_stm32f0xx.o
                              0x49a81 (size before relaxing)
 .debug_str     0x0004efc6       0x56 ./system/src/cmsis/vectors_stm32f0xx.o
                               0x2e80 (size before relaxing)
 .debug_str     0x0004f01c      0x12e ./src/BlinkLed.o
                              0x49c63 (size before relaxing)
 .debug_str     0x0004f14a      0x257 ./src/Timer.o
                              0x49cc2 (size before relaxing)
 .debug_str     0x0004f3a1      0x7dc ./src/main.o
                              0x4cd30 (size before relaxing)

.debug_loc      0x00000000     0x1691
 *(.debug_loc)
 .debug_loc     0x00000000      0x51a ./system/src/stm32f0-stdperiph/stm32f0xx_gpio.o
 .debug_loc     0x0000051a      0xc4d ./system/src/stm32f0-stdperiph/stm32f0xx_rcc.o
 .debug_loc     0x00001167      0x265 ./system/src/newlib/_startup.o
 .debug_loc     0x000013cc       0x63 ./system/src/newlib/_syscalls.o
 .debug_loc     0x0000142f       0xc6 ./system/src/newlib/assert.o
 .debug_loc     0x000014f5       0xe2 ./system/src/cmsis/system_stm32f0xx.o
 .debug_loc     0x000015d7       0x59 ./src/Timer.o
 .debug_loc     0x00001630       0x61 ./src/main.o

.debug_macinfo
 *(.debug_macinfo)

.debug_weaknames
 *(.debug_weaknames)

.debug_funcnames
 *(.debug_funcnames)

.debug_typenames
 *(.debug_typenames)

.debug_varnames
 *(.debug_varnames)
OUTPUT(hello-f0.elf elf32-littlearm)

.debug_ranges   0x00000000      0x328
 .debug_ranges  0x00000000       0x70 ./system/src/stm32f0-stdperiph/stm32f0xx_gpio.o
 .debug_ranges  0x00000070      0x150 ./system/src/stm32f0-stdperiph/stm32f0xx_rcc.o
 .debug_ranges  0x000001c0       0x18 ./system/src/newlib/_exit.o
 .debug_ranges  0x000001d8       0x48 ./system/src/newlib/_startup.o
 .debug_ranges  0x00000220       0x20 ./system/src/newlib/_syscalls.o
 .debug_ranges  0x00000240       0x18 ./system/src/newlib/assert.o
 .debug_ranges  0x00000258       0x18 ./system/src/cortexm/_initialize_hardware.o
 .debug_ranges  0x00000270       0x40 ./system/src/cortexm/exception_handlers.o
 .debug_ranges  0x000002b0       0x20 ./system/src/cmsis/system_stm32f0xx.o
 .debug_ranges  0x000002d0       0x10 ./system/src/cmsis/vectors_stm32f0xx.o
 .debug_ranges  0x000002e0       0x10 ./src/BlinkLed.o
 .debug_ranges  0x000002f0       0x28 ./src/Timer.o
 .debug_ranges  0x00000318       0x10 ./src/main.o

.debug_macro    0x00000000     0xd3ce
 .debug_macro   0x00000000      0x165 ./system/src/stm32f0-stdperiph/stm32f0xx_gpio.o
 .debug_macro   0x00000165      0x826 ./system/src/stm32f0-stdperiph/stm32f0xx_gpio.o
 .debug_macro   0x0000098b       0x7a ./system/src/stm32f0-stdperiph/stm32f0xx_gpio.o
 .debug_macro   0x00000a05      0x34e ./system/src/stm32f0-stdperiph/stm32f0xx_gpio.o
 .debug_macro   0x00000d53       0x35 ./system/src/stm32f0-stdperiph/stm32f0xx_gpio.o
 .debug_macro   0x00000d88       0x26 ./system/src/stm32f0-stdperiph/stm32f0xx_gpio.o
 .debug_macro   0x00000dae      0x30d ./system/src/stm32f0-stdperiph/stm32f0xx_gpio.o
 .debug_macro   0x000010bb     0x631c ./system/src/stm32f0-stdperiph/stm32f0xx_gpio.o
 .debug_macro   0x000073d7      0x2eb ./system/src/stm32f0-stdperiph/stm32f0xx_gpio.o
 .debug_macro   0x000076c2      0x3cf ./system/src/stm32f0-stdperiph/stm32f0xx_gpio.o
 .debug_macro   0x00007a91      0x191 ./system/src/stm32f0-stdperiph/stm32f0xx_gpio.o
 .debug_macro   0x00007c22       0x46 ./system/src/stm32f0-stdperiph/stm32f0xx_gpio.o
 .debug_macro   0x00007c68       0xd9 ./system/src/stm32f0-stdperiph/stm32f0xx_gpio.o
 .debug_macro   0x00007d41       0xef ./system/src/stm32f0-stdperiph/stm32f0xx_gpio.o
 .debug_macro   0x00007e30      0x184 ./system/src/stm32f0-stdperiph/stm32f0xx_gpio.o
 .debug_macro   0x00007fb4       0x7c ./system/src/stm32f0-stdperiph/stm32f0xx_gpio.o
 .debug_macro   0x00008030      0x85b ./system/src/stm32f0-stdperiph/stm32f0xx_gpio.o
 .debug_macro   0x0000888b       0xd5 ./system/src/stm32f0-stdperiph/stm32f0xx_gpio.o
 .debug_macro   0x00008960      0x240 ./system/src/stm32f0-stdperiph/stm32f0xx_gpio.o
 .debug_macro   0x00008ba0      0x471 ./system/src/stm32f0-stdperiph/stm32f0xx_gpio.o
 .debug_macro   0x00009011      0x2a0 ./system/src/stm32f0-stdperiph/stm32f0xx_gpio.o
 .debug_macro   0x000092b1       0x70 ./system/src/stm32f0-stdperiph/stm32f0xx_gpio.o
 .debug_macro   0x00009321       0xdf ./system/src/stm32f0-stdperiph/stm32f0xx_gpio.o
 .debug_macro   0x00009400      0x522 ./system/src/stm32f0-stdperiph/stm32f0xx_gpio.o
 .debug_macro   0x00009922      0x4c5 ./system/src/stm32f0-stdperiph/stm32f0xx_gpio.o
 .debug_macro   0x00009de7      0x396 ./system/src/stm32f0-stdperiph/stm32f0xx_gpio.o
 .debug_macro   0x0000a17d      0x750 ./system/src/stm32f0-stdperiph/stm32f0xx_gpio.o
 .debug_macro   0x0000a8cd      0x356 ./system/src/stm32f0-stdperiph/stm32f0xx_gpio.o
 .debug_macro   0x0000ac23       0x34 ./system/src/stm32f0-stdperiph/stm32f0xx_gpio.o
 .debug_macro   0x0000ac57       0x3a ./system/src/stm32f0-stdperiph/stm32f0xx_gpio.o
 .debug_macro   0x0000ac91      0x17f ./system/src/stm32f0-stdperiph/stm32f0xx_gpio.o
 .debug_macro   0x0000ae10      0x183 ./system/src/stm32f0-stdperiph/stm32f0xx_rcc.o
 .debug_macro   0x0000af93      0x185 ./system/src/stm32f0-stdperiph/stm32f0xx_rcc.o
 .debug_macro   0x0000b118      0x51c ./system/src/stm32f0-stdperiph/stm32f0xx_rcc.o
 .debug_macro   0x0000b634      0x11b ./system/src/newlib/_exit.o
 .debug_macro   0x0000b74f       0xa3 ./system/src/newlib/_exit.o
 .debug_macro   0x0000b7f2      0x10e ./system/src/newlib/_exit.o
 .debug_macro   0x0000b900       0x86 ./system/src/newlib/_exit.o
 .debug_macro   0x0000b986       0x43 ./system/src/newlib/_exit.o
 .debug_macro   0x0000b9c9       0x10 ./system/src/newlib/_exit.o
 .debug_macro   0x0000b9d9       0x35 ./system/src/newlib/_exit.o
 .debug_macro   0x0000ba0e       0xdb ./system/src/newlib/_startup.o
 .debug_macro   0x0000bae9      0x169 ./system/src/newlib/_syscalls.o
 .debug_macro   0x0000bc52       0x1c ./system/src/newlib/_syscalls.o
 .debug_macro   0x0000bc6e       0x10 ./system/src/newlib/_syscalls.o
 .debug_macro   0x0000bc7e       0x10 ./system/src/newlib/_syscalls.o
 .debug_macro   0x0000bc8e       0x10 ./system/src/newlib/_syscalls.o
 .debug_macro   0x0000bc9e       0x35 ./system/src/newlib/_syscalls.o
 .debug_macro   0x0000bcd3      0x120 ./system/src/newlib/_syscalls.o
 .debug_macro   0x0000bdf3       0x22 ./system/src/newlib/_syscalls.o
 .debug_macro   0x0000be15       0x2b ./system/src/newlib/_syscalls.o
 .debug_macro   0x0000be40      0x118 ./system/src/newlib/_syscalls.o
 .debug_macro   0x0000bf58      0x13a ./system/src/newlib/_syscalls.o
 .debug_macro   0x0000c092       0x16 ./system/src/newlib/_syscalls.o
 .debug_macro   0x0000c0a8      0x137 ./system/src/newlib/assert.o
 .debug_macro   0x0000c1df       0x1c ./system/src/newlib/assert.o
 .debug_macro   0x0000c1fb      0x165 ./system/src/cortexm/_initialize_hardware.o
 .debug_macro   0x0000c360      0x28a ./system/src/cortexm/exception_handlers.o
 .debug_macro   0x0000c5ea       0x3b ./system/src/cortexm/exception_handlers.o
 .debug_macro   0x0000c625       0x22 ./system/src/cortexm/exception_handlers.o
 .debug_macro   0x0000c647      0x283 ./system/src/cortexm/exception_handlers.o
 .debug_macro   0x0000c8ca       0x10 ./system/src/cortexm/exception_handlers.o
 .debug_macro   0x0000c8da       0x1f ./system/src/cortexm/exception_handlers.o
 .debug_macro   0x0000c8f9      0x15b ./system/src/cmsis/system_stm32f0xx.o
 .debug_macro   0x0000ca54       0x34 ./system/src/cmsis/vectors_stm32f0xx.o
 .debug_macro   0x0000ca88      0x16a ./src/BlinkLed.o
 .debug_macro   0x0000cbf2       0x28 ./src/BlinkLed.o
 .debug_macro   0x0000cc1a      0x17e ./src/Timer.o
 .debug_macro   0x0000cd98       0x10 ./src/Timer.o
 .debug_macro   0x0000cda8      0x2c3 ./src/main.o
 .debug_macro   0x0000d06b       0x16 ./src/main.o
 .debug_macro   0x0000d081       0x97 ./src/main.o
 .debug_macro   0x0000d118       0x10 ./src/main.o
 .debug_macro   0x0000d128       0xf6 ./src/main.o
 .debug_macro   0x0000d21e       0x16 ./src/main.o
 .debug_macro   0x0000d234      0x16c ./src/main.o
 .debug_macro   0x0000d3a0       0x2e ./src/main.o
