Archive member included because of file (symbol)

c:/stm32toolchain/gnu-arm/4.8-2014q3/bin/../lib/gcc/arm-none-eabi/4.8.4/../../../../arm-none-eabi/lib/armv7e-m\libg_s.a(lib_a-errno.o)
                              ./system/src/newlib/_sbrk.o (__errno)
c:/stm32toolchain/gnu-arm/4.8-2014q3/bin/../lib/gcc/arm-none-eabi/4.8.4/../../../../arm-none-eabi/lib/armv7e-m\libg_s.a(lib_a-impure.o)
                              c:/stm32toolchain/gnu-arm/4.8-2014q3/bin/../lib/gcc/arm-none-eabi/4.8.4/../../../../arm-none-eabi/lib/armv7e-m\libg_s.a(lib_a-errno.o) (_impure_ptr)

Allocating common symbols
Common symbol       size              file

timer_delayCount    0x4               ./src/Timer.o
errno               0x4               ./system/src/newlib/_syscalls.o
uwTick              0x4               ./system/src/stm32f4-hal/stm32f4xx_hal.o
pFlash              0x20              ./system/src/stm32f4-hal/stm32f4xx_hal_flash.o

Discarded input sections

 .group         0x00000000        0x8 ./system/src/stm32f4-hal/stm32f4xx_hal.o
 .group         0x00000000        0x8 ./system/src/stm32f4-hal/stm32f4xx_hal.o
 .group         0x00000000        0x8 ./system/src/stm32f4-hal/stm32f4xx_hal.o
 .group         0x00000000        0x8 ./system/src/stm32f4-hal/stm32f4xx_hal.o
 .group         0x00000000        0x8 ./system/src/stm32f4-hal/stm32f4xx_hal.o
 .group         0x00000000        0x8 ./system/src/stm32f4-hal/stm32f4xx_hal.o
 .group         0x00000000        0x8 ./system/src/stm32f4-hal/stm32f4xx_hal.o
 .group         0x00000000        0x8 ./system/src/stm32f4-hal/stm32f4xx_hal.o
 .group         0x00000000        0x8 ./system/src/stm32f4-hal/stm32f4xx_hal.o
 .group         0x00000000        0x8 ./system/src/stm32f4-hal/stm32f4xx_hal.o
 .group         0x00000000        0x8 ./system/src/stm32f4-hal/stm32f4xx_hal.o
 .group         0x00000000        0x8 ./system/src/stm32f4-hal/stm32f4xx_hal.o
 .group         0x00000000        0x8 ./system/src/stm32f4-hal/stm32f4xx_hal.o
 .group         0x00000000        0x8 ./system/src/stm32f4-hal/stm32f4xx_hal.o
 .group         0x00000000        0x8 ./system/src/stm32f4-hal/stm32f4xx_hal.o
 .group         0x00000000        0x8 ./system/src/stm32f4-hal/stm32f4xx_hal.o
 .group         0x00000000        0x8 ./system/src/stm32f4-hal/stm32f4xx_hal.o
 .group         0x00000000        0x8 ./system/src/stm32f4-hal/stm32f4xx_hal.o
 .group         0x00000000        0x8 ./system/src/stm32f4-hal/stm32f4xx_hal.o
 .group         0x00000000        0x8 ./system/src/stm32f4-hal/stm32f4xx_hal.o
 .group         0x00000000        0x8 ./system/src/stm32f4-hal/stm32f4xx_hal.o
 .group         0x00000000        0x8 ./system/src/stm32f4-hal/stm32f4xx_hal.o
 .group         0x00000000        0x8 ./system/src/stm32f4-hal/stm32f4xx_hal.o
 .group         0x00000000        0x8 ./system/src/stm32f4-hal/stm32f4xx_hal.o
 .group         0x00000000        0x8 ./system/src/stm32f4-hal/stm32f4xx_hal.o
 .group         0x00000000        0x8 ./system/src/stm32f4-hal/stm32f4xx_hal.o
 .group         0x00000000        0x8 ./system/src/stm32f4-hal/stm32f4xx_hal.o
 .group         0x00000000        0x8 ./system/src/stm32f4-hal/stm32f4xx_hal.o
 .group         0x00000000        0x8 ./system/src/stm32f4-hal/stm32f4xx_hal.o
 .group         0x00000000        0x8 ./system/src/stm32f4-hal/stm32f4xx_hal.o
 .group         0x00000000        0x8 ./system/src/stm32f4-hal/stm32f4xx_hal.o
 .group         0x00000000        0x8 ./system/src/stm32f4-hal/stm32f4xx_hal.o
 .group         0x00000000        0x8 ./system/src/stm32f4-hal/stm32f4xx_hal.o
 .group         0x00000000        0x8 ./system/src/stm32f4-hal/stm32f4xx_hal.o
 .group         0x00000000        0x8 ./system/src/stm32f4-hal/stm32f4xx_hal.o
 .group         0x00000000        0x8 ./system/src/stm32f4-hal/stm32f4xx_hal.o
 .group         0x00000000        0x8 ./system/src/stm32f4-hal/stm32f4xx_hal.o
 .group         0x00000000        0x8 ./system/src/stm32f4-hal/stm32f4xx_hal.o
 .group         0x00000000        0x8 ./system/src/stm32f4-hal/stm32f4xx_hal.o
 .group         0x00000000        0x8 ./system/src/stm32f4-hal/stm32f4xx_hal.o
 .group         0x00000000        0x8 ./system/src/stm32f4-hal/stm32f4xx_hal.o
 .group         0x00000000        0x8 ./system/src/stm32f4-hal/stm32f4xx_hal.o
 .group         0x00000000        0x8 ./system/src/stm32f4-hal/stm32f4xx_hal.o
 .group         0x00000000        0x8 ./system/src/stm32f4-hal/stm32f4xx_hal.o
 .group         0x00000000        0x8 ./system/src/stm32f4-hal/stm32f4xx_hal.o
 .group         0x00000000        0x8 ./system/src/stm32f4-hal/stm32f4xx_hal.o
 .group         0x00000000        0x8 ./system/src/stm32f4-hal/stm32f4xx_hal.o
 .group         0x00000000        0x8 ./system/src/stm32f4-hal/stm32f4xx_hal.o
 .group         0x00000000        0x8 ./system/src/stm32f4-hal/stm32f4xx_hal.o
 .group         0x00000000        0x8 ./system/src/stm32f4-hal/stm32f4xx_hal.o
 .group         0x00000000        0x8 ./system/src/stm32f4-hal/stm32f4xx_hal.o
[...]
Memory Configuration

Name             Origin             Length             Attributes
RAM              0x20000000         0x00020000         xrw
CCMRAM           0x10000000         0x00010000         xrw
FLASH            0x08000000         0x00100000         xr
FLASHB1          0x00000000         0x00000000         xr
EXTMEMB0         0x00000000         0x00000000         xr
EXTMEMB1         0x00000000         0x00000000         xr
EXTMEMB2         0x00000000         0x00000000         xr
EXTMEMB3         0x00000000         0x00000000         xr
MEMORY_ARRAY     0x20002000         0x00000020         xrw
*default*        0x00000000         0xffffffff

Linker script and memory map

LOAD ./system/src/stm32f4-hal/stm32f4xx_hal.o
LOAD ./system/src/stm32f4-hal/stm32f4xx_hal_cortex.o
LOAD ./system/src/stm32f4-hal/stm32f4xx_hal_dfsdm.o
LOAD ./system/src/stm32f4-hal/stm32f4xx_hal_flash.o
LOAD ./system/src/stm32f4-hal/stm32f4xx_hal_gpio.o
LOAD ./system/src/stm32f4-hal/stm32f4xx_hal_iwdg.o
LOAD ./system/src/stm32f4-hal/stm32f4xx_hal_pwr.o
LOAD ./system/src/stm32f4-hal/stm32f4xx_hal_rcc.o
LOAD ./system/src/newlib/_cxx.o
LOAD ./system/src/newlib/_exit.o
LOAD ./system/src/newlib/_sbrk.o
LOAD ./system/src/newlib/_startup.o
LOAD ./system/src/newlib/_syscalls.o
LOAD ./system/src/newlib/assert.o
LOAD ./system/src/diag/Trace.o
LOAD ./system/src/diag/trace_impl.o
LOAD ./system/src/cortexm/_initialize_hardware.o
LOAD ./system/src/cortexm/_reset_hardware.o
LOAD ./system/src/cortexm/exception_handlers.o
LOAD ./system/src/cmsis/system_stm32f4xx.o
LOAD ./system/src/cmsis/vectors_stm32f407xx.o
LOAD ./src/BlinkLed.o
LOAD ./src/Timer.o
LOAD ./src/_initialize_hardware.o
LOAD ./src/_write.o
LOAD ./src/main.o
LOAD ./src/stm32f4xx_hal_msp.o
LOAD c:/stm32toolchain/gnu-arm/4.8-2014q3/bin/../lib/gcc/arm-none-eabi/4.8.4/../../../../arm-none-eabi/lib/armv7e-m\libstdc++_s.a
LOAD c:/stm32toolchain/gnu-arm/4.8-2014q3/bin/../lib/gcc/arm-none-eabi/4.8.4/../../../../arm-none-eabi/lib/armv7e-m\libm.a
START GROUP
LOAD c:/stm32toolchain/gnu-arm/4.8-2014q3/bin/../lib/gcc/arm-none-eabi/4.8.4/armv7e-m\libgcc.a
LOAD c:/stm32toolchain/gnu-arm/4.8-2014q3/bin/../lib/gcc/arm-none-eabi/4.8.4/../../../../arm-none-eabi/lib/armv7e-m\libg_s.a
LOAD c:/stm32toolchain/gnu-arm/4.8-2014q3/bin/../lib/gcc/arm-none-eabi/4.8.4/../../../../arm-none-eabi/lib/armv7e-m\libc_s.a
END GROUP
START GROUP
LOAD c:/stm32toolchain/gnu-arm/4.8-2014q3/bin/../lib/gcc/arm-none-eabi/4.8.4/armv7e-m\libgcc.a
LOAD c:/stm32toolchain/gnu-arm/4.8-2014q3/bin/../lib/gcc/arm-none-eabi/4.8.4/../../../../arm-none-eabi/lib/armv7e-m\libc_s.a
END GROUP
                0x20020000                __stack = (ORIGIN (RAM) + 0x20000)
                0x20020000                _estack = __stack
                0x00000400                __Main_Stack_Size = 0x400
                0x00000400                PROVIDE (_Main_Stack_Size, __Main_Stack_Size)
                0x2001fc00                __Main_Stack_Limit = (__stack - __Main_Stack_Size)
                0x2001fc00                PROVIDE (_Main_Stack_Limit, __Main_Stack_Limit)
                0x00000100                _Minimum_Stack_Size = 0x100
                0x20000028                PROVIDE (_Heap_Begin, _end_noinit)
                0x2001fc00                PROVIDE (_Heap_Limit, (__stack - __Main_Stack_Size))

.isr_vector     0x08000000      0x330
 FILL mask 0xff
                0x08000000                __vectors_start = ABSOLUTE (.)
                0x08000000                __vectors_start__ = ABSOLUTE (.)
 *(.isr_vector)
 .isr_vector    0x08000000      0x188 ./system/src/cmsis/vectors_stm32f407xx.o
                0x08000000                __isr_vectors
 *(.cfmconfig)
 *(.after_vectors .after_vectors.*)
 .after_vectors
                0x08000188      0x130 ./system/src/newlib/_startup.o
                0x08000188                _start
 .after_vectors
                0x080002b8       0x74 ./system/src/cortexm/exception_handlers.o
                0x080002b8                Reset_Handler
                0x080002c0                NMI_Handler
                0x080002c4                HardFault_Handler
                0x080002d8                HardFault_Handler_C
                0x080002dc                MemManage_Handler
                0x080002e0                BusFault_Handler
                0x080002f4                BusFault_Handler_C
                0x080002f8                UsageFault_Handler
                0x0800030c                UsageFault_Handler_C
                0x08000310                SVC_Handler
                0x08000314                DebugMon_Handler
                0x08000318                PendSV_Handler
 .after_vectors
                0x0800032c        0x4 ./system/src/cmsis/vectors_stm32f407xx.o
                0x0800032c                RTC_Alarm_IRQHandler
                0x0800032c                HASH_RNG_IRQHandler
                0x0800032c                EXTI2_IRQHandler
                0x0800032c                TIM8_CC_IRQHandler
                0x0800032c                TIM1_CC_IRQHandler
                0x0800032c                DMA2_Stream5_IRQHandler
                0x0800032c                DMA1_Stream5_IRQHandler
                0x0800032c                PVD_IRQHandler
                0x0800032c                SDIO_IRQHandler
                0x0800032c                TAMP_STAMP_IRQHandler
                0x0800032c                CAN2_RX1_IRQHandler
                0x0800032c                EXTI3_IRQHandler
                0x0800032c                TIM8_TRG_COM_TIM14_IRQHandler
                0x0800032c                TIM1_UP_TIM10_IRQHandler
                0x0800032c                TIM8_UP_TIM13_IRQHandler
                0x0800032c                I2C3_ER_IRQHandler
                0x0800032c                EXTI0_IRQHandler
                0x0800032c                I2C2_EV_IRQHandler
                0x0800032c                DMA1_Stream2_IRQHandler
                0x0800032c                CAN1_RX0_IRQHandler
                0x0800032c                FPU_IRQHandler
                0x0800032c                OTG_HS_WKUP_IRQHandler
                0x0800032c                CAN2_SCE_IRQHandler
                0x0800032c                DMA2_Stream2_IRQHandler
                0x0800032c                SPI1_IRQHandler
                0x0800032c                TIM6_DAC_IRQHandler
                0x0800032c                TIM1_BRK_TIM9_IRQHandler
                0x0800032c                DCMI_IRQHandler
                0x0800032c                CAN2_RX0_IRQHandler
                0x0800032c                DMA2_Stream3_IRQHandler
                0x0800032c                USART6_IRQHandler
                0x0800032c                USART3_IRQHandler
                0x0800032c                CAN1_RX1_IRQHandler
                0x0800032c                UART5_IRQHandler
                0x0800032c                DMA2_Stream0_IRQHandler
                0x0800032c                TIM4_IRQHandler
                0x0800032c                I2C1_EV_IRQHandler
                0x0800032c                DMA1_Stream6_IRQHandler
                0x0800032c                DMA1_Stream1_IRQHandler
                0x0800032c                UART4_IRQHandler
                0x0800032c                TIM3_IRQHandler
                0x0800032c                RCC_IRQHandler
                0x0800032c                TIM8_BRK_TIM12_IRQHandler
                0x0800032c                Default_Handler
                0x0800032c                EXTI15_10_IRQHandler
                0x0800032c                ADC_IRQHandler
                0x0800032c                DMA1_Stream7_IRQHandler
                0x0800032c                TIM7_IRQHandler
                0x0800032c                CAN2_TX_IRQHandler
                0x0800032c                TIM5_IRQHandler
                0x0800032c                DMA2_Stream7_IRQHandler
                0x0800032c                I2C3_EV_IRQHandler
                0x0800032c                EXTI9_5_IRQHandler
                0x0800032c                RTC_WKUP_IRQHandler
                0x0800032c                ETH_WKUP_IRQHandler
                0x0800032c                SPI2_IRQHandler
                0x0800032c                OTG_HS_EP1_IN_IRQHandler
                0x0800032c                DMA1_Stream0_IRQHandler
                0x0800032c                CAN1_TX_IRQHandler
                0x0800032c                EXTI4_IRQHandler
                0x0800032c                ETH_IRQHandler
                0x0800032c                OTG_HS_EP1_OUT_IRQHandler
                0x0800032c                WWDG_IRQHandler
                0x0800032c                TIM2_IRQHandler
                0x0800032c                OTG_FS_WKUP_IRQHandler
                0x0800032c                TIM1_TRG_COM_TIM11_IRQHandler
                0x0800032c                OTG_HS_IRQHandler
                0x0800032c                EXTI1_IRQHandler
                0x0800032c                USART2_IRQHandler
                0x0800032c                I2C2_ER_IRQHandler
                0x0800032c                DMA2_Stream1_IRQHandler
                0x0800032c                CAN1_SCE_IRQHandler
                0x0800032c                FLASH_IRQHandler
                0x0800032c                DMA2_Stream4_IRQHandler
                0x0800032c                USART1_IRQHandler
                0x0800032c                OTG_FS_IRQHandler
                0x0800032c                SPI3_IRQHandler
                0x0800032c                DMA1_Stream4_IRQHandler
                0x0800032c                I2C1_ER_IRQHandler
                0x0800032c                FMC_IRQHandler
                0x0800032c                DMA2_Stream6_IRQHandler
                0x0800032c                DMA1_Stream3_IRQHandler

.inits          0x08000330       0x28
                0x08000330                __data_regions_array_start = .
                0x08000330        0x4 LONG 0x80012e0 LOADADDR (.data)
                0x08000334        0x4 LONG 0x20000000 ADDR (.data)
                0x08000338        0x4 LONG 0x20000014 (ADDR (.data) + SIZEOF (.data))
                0x0800033c        0x4 LONG 0x80012e0 LOADADDR (.data_CCMRAM)
                0x08000340        0x4 LONG 0x10000000 ADDR (.data_CCMRAM)
                0x08000344        0x4 LONG 0x10000000 (ADDR (.data_CCMRAM) + SIZEOF (.data_CCMRAM))
                0x08000348                __data_regions_array_end = .
                0x08000348                __bss_regions_array_start = .
                0x08000348        0x4 LONG 0x20000014 ADDR (.bss)
                0x0800034c        0x4 LONG 0x20000028 (ADDR (.bss) + SIZEOF (.bss))
                0x08000350        0x4 LONG 0x10000000 ADDR (.bss_CCMRAM)
                0x08000354        0x4 LONG 0x10000000 (ADDR (.bss_CCMRAM) + SIZEOF (.bss_CCMRAM))
                0x08000358                __bss_regions_array_end = .
 *(.init)
 *(.fini)
                0x08000358                . = ALIGN (0x4)
                0x08000358                PROVIDE (__preinit_array_start, .)
 *(.preinit_array_sysinit .preinit_array_sysinit.*)
 *(.preinit_array_platform .preinit_array_platform.*)
 *(.preinit_array .preinit_array.*)
                0x08000358                PROVIDE (__preinit_array_end, .)
                0x08000358                . = ALIGN (0x4)
                0x08000358                PROVIDE (__init_array_start, .)
 *(SORT(.init_array.*))
 *(.init_array)
                0x08000358                PROVIDE (__init_array_end, .)
                0x08000358                . = ALIGN (0x4)
                0x08000358                PROVIDE (__fini_array_start, .)
 *(SORT(.fini_array.*))
 *(.fini_array)
                0x08000358                PROVIDE (__fini_array_end, .)

.flashtext
 *(.flashtext .flashtext.*)

.text           0x08000358      0xf88
 *(.text .text.*)
 .text.HAL_InitTick
                0x08000358       0x2c ./system/src/stm32f4-hal/stm32f4xx_hal.o
                0x08000358                HAL_InitTick
 .text.HAL_Init
                0x08000384       0x34 ./system/src/stm32f4-hal/stm32f4xx_hal.o
                0x08000384                HAL_Init
 .text.HAL_IncTick
                0x080003b8       0x10 ./system/src/stm32f4-hal/stm32f4xx_hal.o
                0x080003b8                HAL_IncTick
 .text.HAL_GetTick
                0x080003c8        0xc ./system/src/stm32f4-hal/stm32f4xx_hal.o
                0x080003c8                HAL_GetTick
 .text.HAL_NVIC_SetPriorityGrouping
                0x080003d4       0x3c ./system/src/stm32f4-hal/stm32f4xx_hal_cortex.o
                0x080003d4                HAL_NVIC_SetPriorityGrouping
 .text.HAL_NVIC_SetPriority
                0x08000410       0x84 ./system/src/stm32f4-hal/stm32f4xx_hal_cortex.o
                0x08000410                HAL_NVIC_SetPriority
 .text.HAL_SYSTICK_Config
                0x08000494       0x2c ./system/src/stm32f4-hal/stm32f4xx_hal_cortex.o
                0x08000494                HAL_SYSTICK_Config
 .text.HAL_SYSTICK_CLKSourceConfig
                0x080004c0       0x38 ./system/src/stm32f4-hal/stm32f4xx_hal_cortex.o
                0x080004c0                HAL_SYSTICK_CLKSourceConfig
 .text.HAL_GPIO_Init
                0x080004f8      0x32c ./system/src/stm32f4-hal/stm32f4xx_hal_gpio.o
                0x080004f8                HAL_GPIO_Init
 .text.HAL_GPIO_WritePin
                0x08000824       0x34 ./system/src/stm32f4-hal/stm32f4xx_hal_gpio.o
                0x08000824                HAL_GPIO_WritePin
 .text.HAL_RCC_OscConfig
                0x08000858      0x44c ./system/src/stm32f4-hal/stm32f4xx_hal_rcc.o
                0x08000858                HAL_RCC_OscConfig
 .text.HAL_RCC_GetSysClockFreq
                0x08000ca4       0x98 ./system/src/stm32f4-hal/stm32f4xx_hal_rcc.o
                0x08000ca4                HAL_RCC_GetSysClockFreq
 .text.HAL_RCC_ClockConfig
                0x08000d3c      0x264 ./system/src/stm32f4-hal/stm32f4xx_hal_rcc.o
                0x08000d3c                HAL_RCC_ClockConfig
 .text.HAL_RCC_GetHCLKFreq
                0x08000fa0        0xc ./system/src/stm32f4-hal/stm32f4xx_hal_rcc.o
                0x08000fa0                HAL_RCC_GetHCLKFreq
 .text._exit    0x08000fac        0x4 ./system/src/newlib/_exit.o
                0x08000fac                _exit
 .text.abort    0x08000fb0        0x8 ./system/src/newlib/_exit.o
                0x08000fb0                abort
 .text.__initialize_args
                0x08000fb8       0x10 ./system/src/newlib/_syscalls.o
                0x08000fb8                __initialize_args
 .text.assert_failed
                0x08000fc8        0x8 ./system/src/newlib/assert.o
                0x08000fc8                assert_failed
 .text.__initialize_hardware_early
                0x08000fd0       0x18 ./system/src/cortexm/_initialize_hardware.o
                0x08000fd0                __initialize_hardware_early
 .text.SystemInit
                0x08000fe8       0x40 ./system/src/cmsis/system_stm32f4xx.o
                0x08000fe8                SystemInit
 .text.SystemCoreClockUpdate
                0x08001028       0xa0 ./system/src/cmsis/system_stm32f4xx.o
                0x08001028                SystemCoreClockUpdate
 .text.blink_led_init
                0x080010c8       0x3c ./src/BlinkLed.o
                0x080010c8                blink_led_init
 .text.timer_start
                0x08001104       0x3c ./src/Timer.o
                0x08001104                timer_start
 .text.timer_tick
                0x08001140       0x14 ./src/Timer.o
                0x08001140                timer_tick
 .text.SysTick_Handler
                0x08001154        0xc ./src/Timer.o
                0x08001154                SysTick_Handler
 .text.SystemClock_Config
                0x08001160       0x9c ./src/_initialize_hardware.o
                0x08001160                SystemClock_Config
 .text.__initialize_hardware
                0x080011fc       0x10 ./src/_initialize_hardware.o
                0x080011fc                __initialize_hardware
 .text.main     0x0800120c       0x1c ./src/main.o
                0x0800120c                main
 .text.HAL_MspInit
                0x08001228        0x4 ./src/stm32f4xx_hal_msp.o
                0x08001228                HAL_MspInit
 *(.rodata .rodata.* .constdata .constdata.*)
 .rodata.str1.4
                0x0800122c       0x31 ./system/src/stm32f4-hal/stm32f4xx_hal_cortex.o
                                 0x34 (size before relaxing)
 *fill*         0x0800125d        0x3 
 .rodata.str1.4
                0x08001260       0x2f ./system/src/stm32f4-hal/stm32f4xx_hal_gpio.o
                                 0x30 (size before relaxing)
 *fill*         0x0800128f        0x1 
 .rodata.APBAHBPrescTable
                0x08001290       0x10 ./system/src/stm32f4-hal/stm32f4xx_hal_rcc.o
                0x08001290                APBAHBPrescTable
 .rodata.str1.4
                0x080012a0       0x30 ./system/src/stm32f4-hal/stm32f4xx_hal_rcc.o
 .rodata.AHBPrescTable
                0x080012d0       0x10 ./system/src/cmsis/system_stm32f4xx.o
                0x080012d0                AHBPrescTable
 *(vtable)
 *(.eh_frame*)
 *(.glue_7)
 .glue_7        0x00000000        0x0 linker stubs
 *(.glue_7t)
 .glue_7t       0x00000000        0x0 linker stubs

.vfp11_veneer   0x080012e0        0x0
 .vfp11_veneer  0x00000000        0x0 linker stubs

.v4_bx          0x080012e0        0x0
 .v4_bx         0x00000000        0x0 linker stubs

.iplt           0x080012e0        0x0
 .iplt          0x00000000        0x0 ./system/src/stm32f4-hal/stm32f4xx_hal.o

.rel.dyn        0x080012e0        0x0
 .rel.iplt      0x00000000        0x0 ./system/src/stm32f4-hal/stm32f4xx_hal.o

.ARM.extab
 *(.ARM.extab* .gnu.linkonce.armextab.*)
                0x080012e0                . = ALIGN (0x4)
                0x080012e0                __exidx_start = .

.ARM.exidx
 *(.ARM.exidx* .gnu.linkonce.armexidx.*)
                0x080012e0                __exidx_end = .
                0x080012e0                . = ALIGN (0x4)
                0x080012e0                _etext = .
                0x080012e0                __etext = .

.data_CCMRAM    0x10000000        0x0 load address 0x080012e0
 FILL mask 0xff
 *(.data.CCMRAM .data.CCMRAM.*)
                0x10000000                . = ALIGN (0x4)
                0x080012e0                _sidata = LOADADDR (.data)

.data           0x20000000       0x14 load address 0x080012e0
 FILL mask 0xff
                0x20000000                _sdata = .
                0x20000000                __data_start__ = .
 *(.data_begin .data_begin.*)
 .data_begin    0x20000000        0x4 ./system/src/newlib/_startup.o
 *(.data .data.*)
 .data.argv.4015
                0x20000004        0x8 ./system/src/newlib/_syscalls.o
 .data.SystemCoreClock
                0x2000000c        0x4 ./system/src/cmsis/system_stm32f4xx.o
                0x2000000c                SystemCoreClock
 *(.data_end .data_end.*)
 .data_end      0x20000010        0x4 ./system/src/newlib/_startup.o
                0x20000014                . = ALIGN (0x4)
                0x20000014                _edata = .
                0x20000014                __data_end__ = .

.igot.plt       0x20000014        0x0 load address 0x080012f4
 .igot.plt      0x00000000        0x0 ./system/src/stm32f4-hal/stm32f4xx_hal.o

.bss_CCMRAM     0x10000000        0x0
 *(.bss.CCMRAM .bss.CCMRAM.*)

.bss            0x20000014       0x14
                0x20000014                __bss_start__ = .
                0x20000014                _sbss = .
 *(.bss_begin .bss_begin.*)
 .bss_begin     0x20000014        0x4 ./system/src/newlib/_startup.o
 *(.bss .bss.*)
 .bss.name.4014
                0x20000018        0x4 ./system/src/newlib/_syscalls.o
 *(COMMON)
 COMMON         0x2000001c        0x4 ./system/src/stm32f4-hal/stm32f4xx_hal.o
                0x2000001c                uwTick
 COMMON         0x20000020        0x4 ./src/Timer.o
                0x20000020                timer_delayCount
 *(.bss_end .bss_end.*)
 .bss_end       0x20000024        0x4 ./system/src/newlib/_startup.o
                0x20000028                . = ALIGN (0x4)
                0x20000028                __bss_end__ = .
                0x20000028                _ebss = .

.noinit_CCMRAM
 *(.noinit.CCMRAM .noinit.CCMRAM.*)

.noinit         0x20000028        0x0
                0x20000028                _noinit = .
 *(.noinit .noinit.*)
                0x20000028                . = ALIGN (0x4)
                0x20000028                _end_noinit = .
                0x20000028                PROVIDE (end, _end_noinit)
                0x20000028                PROVIDE (_end, _end_noinit)
                0x20000028                PROVIDE (__end, _end_noinit)
                0x20000028                PROVIDE (__end__, _end_noinit)

._check_stack   0x20000028      0x100
                0x20000128                . = (. + _Minimum_Stack_Size)
 *fill*         0x20000028      0x100 

.b1text
 *(.b1text)
 *(.b1rodata)
 *(.b1rodata.*)

.eb0text
 *(.eb0text)
 *(.eb0rodata)
 *(.eb0rodata.*)

.eb1text
 *(.eb1text)
 *(.eb1rodata)
 *(.eb1rodata.*)

.eb2text
 *(.eb2text)
 *(.eb2rodata)
 *(.eb2rodata.*)

.eb3text
 *(.eb3text)
 *(.eb3rodata)
 *(.eb3rodata.*)

.stab
 *(.stab)

.stabstr
 *(.stabstr)

.stab.excl
 *(.stab.excl)

.stab.exclstr
 *(.stab.exclstr)

.stab.index
 *(.stab.index)

.stab.indexstr
 *(.stab.indexstr)

.comment        0x00000000       0x70
 *(.comment)
 .comment       0x00000000       0x70 ./system/src/stm32f4-hal/stm32f4xx_hal.o
                                 0x71 (size before relaxing)
 .comment       0x00000000       0x71 ./system/src/stm32f4-hal/stm32f4xx_hal_cortex.o
 .comment       0x00000000       0x71 ./system/src/stm32f4-hal/stm32f4xx_hal_gpio.o
 .comment       0x00000000       0x71 ./system/src/stm32f4-hal/stm32f4xx_hal_rcc.o
 .comment       0x00000000       0x71 ./system/src/newlib/_exit.o
 .comment       0x00000000       0x71 ./system/src/newlib/_startup.o
 .comment       0x00000000       0x71 ./system/src/newlib/_syscalls.o
 .comment       0x00000000       0x71 ./system/src/newlib/assert.o
 .comment       0x00000000       0x71 ./system/src/cortexm/_initialize_hardware.o
 .comment       0x00000000       0x71 ./system/src/cortexm/exception_handlers.o
 .comment       0x00000000       0x71 ./system/src/cmsis/system_stm32f4xx.o
 .comment       0x00000000       0x71 ./system/src/cmsis/vectors_stm32f407xx.o
 .comment       0x00000000       0x71 ./src/BlinkLed.o
 .comment       0x00000000       0x71 ./src/Timer.o
 .comment       0x00000000       0x71 ./src/_initialize_hardware.o
 .comment       0x00000000       0x71 ./src/main.o
 .comment       0x00000000       0x71 ./src/stm32f4xx_hal_msp.o

.ARM.attributes
                0x00000000       0x33
 .ARM.attributes
                0x00000000       0x33 ./system/src/stm32f4-hal/stm32f4xx_hal.o
 .ARM.attributes
                0x00000033       0x33 ./system/src/stm32f4-hal/stm32f4xx_hal_cortex.o
 .ARM.attributes
                0x00000066       0x33 ./system/src/stm32f4-hal/stm32f4xx_hal_gpio.o
 .ARM.attributes
                0x00000099       0x33 ./system/src/stm32f4-hal/stm32f4xx_hal_rcc.o
 .ARM.attributes
                0x000000cc       0x33 ./system/src/newlib/_exit.o
 .ARM.attributes
                0x000000ff       0x33 ./system/src/newlib/_startup.o
 .ARM.attributes
                0x00000132       0x33 ./system/src/newlib/_syscalls.o
 .ARM.attributes
                0x00000165       0x33 ./system/src/newlib/assert.o
 .ARM.attributes
                0x00000198       0x33 ./system/src/cortexm/_initialize_hardware.o
 .ARM.attributes
                0x000001cb       0x33 ./system/src/cortexm/exception_handlers.o
 .ARM.attributes
                0x000001fe       0x33 ./system/src/cmsis/system_stm32f4xx.o
 .ARM.attributes
                0x00000231       0x33 ./system/src/cmsis/vectors_stm32f407xx.o
 .ARM.attributes
                0x00000264       0x33 ./src/BlinkLed.o
 .ARM.attributes
                0x00000297       0x33 ./src/Timer.o
 .ARM.attributes
                0x000002ca       0x33 ./src/_initialize_hardware.o
 .ARM.attributes
                0x000002fd       0x33 ./src/main.o
 .ARM.attributes
                0x00000330       0x33 ./src/stm32f4xx_hal_msp.o

.debug
 *(.debug)

.line
 *(.line)

.debug_srcinfo
 *(.debug_srcinfo)

.debug_sfnames
 *(.debug_sfnames)

.debug_aranges  0x00000000      0x4c0
 *(.debug_aranges)
 .debug_aranges
                0x00000000       0xc0 ./system/src/stm32f4-hal/stm32f4xx_hal.o
 .debug_aranges
                0x000000c0       0x98 ./system/src/stm32f4-hal/stm32f4xx_hal_cortex.o
 .debug_aranges
                0x00000158       0x58 ./system/src/stm32f4-hal/stm32f4xx_hal_gpio.o
 .debug_aranges
                0x000001b0       0x88 ./system/src/stm32f4-hal/stm32f4xx_hal_rcc.o
 .debug_aranges
                0x00000238       0x28 ./system/src/newlib/_exit.o
 .debug_aranges
                0x00000260       0x40 ./system/src/newlib/_startup.o
 .debug_aranges
                0x000002a0       0x30 ./system/src/newlib/_syscalls.o
 .debug_aranges
                0x000002d0       0x28 ./system/src/newlib/assert.o
 .debug_aranges
                0x000002f8       0x28 ./system/src/cortexm/_initialize_hardware.o
 .debug_aranges
                0x00000320       0x80 ./system/src/cortexm/exception_handlers.o
 .debug_aranges
                0x000003a0       0x28 ./system/src/cmsis/system_stm32f4xx.o
 .debug_aranges
                0x000003c8       0x20 ./system/src/cmsis/vectors_stm32f407xx.o
 .debug_aranges
                0x000003e8       0x20 ./src/BlinkLed.o
 .debug_aranges
                0x00000408       0x38 ./src/Timer.o
 .debug_aranges
                0x00000440       0x28 ./src/_initialize_hardware.o
 .debug_aranges
                0x00000468       0x20 ./src/main.o
 .debug_aranges
                0x00000488       0x38 ./src/stm32f4xx_hal_msp.o

.debug_pubnames
 *(.debug_pubnames)

.debug_info     0x00000000     0x591f
 *(.debug_info .gnu.linkonce.wi.*)
 .debug_info    0x00000000      0x907 ./system/src/stm32f4-hal/stm32f4xx_hal.o
 .debug_info    0x00000907     0x1101 ./system/src/stm32f4-hal/stm32f4xx_hal_cortex.o
 .debug_info    0x00001a08      0x859 ./system/src/stm32f4-hal/stm32f4xx_hal_gpio.o
 .debug_info    0x00002261      0xf7d ./system/src/stm32f4-hal/stm32f4xx_hal_rcc.o
 .debug_info    0x000031de       0xee ./system/src/newlib/_exit.o
 .debug_info    0x000032cc      0x50f ./system/src/newlib/_startup.o
 .debug_info    0x000037db      0x1bc ./system/src/newlib/_syscalls.o
 .debug_info    0x00003997      0x168 ./system/src/newlib/assert.o
 .debug_info    0x00003aff      0x2a2 ./system/src/cortexm/_initialize_hardware.o
 .debug_info    0x00003da1      0x297 ./system/src/cortexm/exception_handlers.o
 .debug_info    0x00004038      0x48f ./system/src/cmsis/system_stm32f4xx.o
 .debug_info    0x000044c7       0xd1 ./system/src/cmsis/vectors_stm32f407xx.o
 .debug_info    0x00004598      0x39b ./src/BlinkLed.o
 .debug_info    0x00004933      0x72c ./src/Timer.o
 .debug_info    0x0000505f      0x546 ./src/_initialize_hardware.o
 .debug_info    0x000055a5      0x295 ./src/main.o
 .debug_info    0x0000583a       0xe5 ./src/stm32f4xx_hal_msp.o

.debug_abbrev   0x00000000     0x1941
 *(.debug_abbrev)
 .debug_abbrev  0x00000000      0x25b ./system/src/stm32f4-hal/stm32f4xx_hal.o
 .debug_abbrev  0x0000025b      0x2ea ./system/src/stm32f4-hal/stm32f4xx_hal_cortex.o
 .debug_abbrev  0x00000545      0x209 ./system/src/stm32f4-hal/stm32f4xx_hal_gpio.o
 .debug_abbrev  0x0000074e      0x31e ./system/src/stm32f4-hal/stm32f4xx_hal_rcc.o
 .debug_abbrev  0x00000a6c       0xb7 ./system/src/newlib/_exit.o
 .debug_abbrev  0x00000b23      0x211 ./system/src/newlib/_startup.o
 .debug_abbrev  0x00000d34       0xee ./system/src/newlib/_syscalls.o
 .debug_abbrev  0x00000e22       0xb6 ./system/src/newlib/assert.o
 .debug_abbrev  0x00000ed8       0xea ./system/src/cortexm/_initialize_hardware.o
 .debug_abbrev  0x00000fc2      0x127 ./system/src/cortexm/exception_handlers.o
 .debug_abbrev  0x000010e9      0x104 ./system/src/cmsis/system_stm32f4xx.o
 .debug_abbrev  0x000011ed       0x9d ./system/src/cmsis/vectors_stm32f407xx.o
 .debug_abbrev  0x0000128a      0x12a ./src/BlinkLed.o
 .debug_abbrev  0x000013b4      0x1c4 ./src/Timer.o
 .debug_abbrev  0x00001578      0x1af ./src/_initialize_hardware.o
 .debug_abbrev  0x00001727      0x1b0 ./src/main.o
 .debug_abbrev  0x000018d7       0x6a ./src/stm32f4xx_hal_msp.o

.debug_line     0x00000000     0x8902
 *(.debug_line)
 .debug_line    0x00000000      0xae0 ./system/src/stm32f4-hal/stm32f4xx_hal.o
 .debug_line    0x00000ae0      0xc01 ./system/src/stm32f4-hal/stm32f4xx_hal_cortex.o
 .debug_line    0x000016e1      0xb43 ./system/src/stm32f4-hal/stm32f4xx_hal_gpio.o
 .debug_line    0x00002224      0xd60 ./system/src/stm32f4-hal/stm32f4xx_hal_rcc.o
 .debug_line    0x00002f84      0x261 ./system/src/newlib/_exit.o
 .debug_line    0x000031e5      0x2e4 ./system/src/newlib/_startup.o
 .debug_line    0x000034c9      0x303 ./system/src/newlib/_syscalls.o
 .debug_line    0x000037cc      0x28a ./system/src/newlib/assert.o
 .debug_line    0x00003a56      0x984 ./system/src/cortexm/_initialize_hardware.o
 .debug_line    0x000043da      0xab2 ./system/src/cortexm/exception_handlers.o
 .debug_line    0x00004e8c      0x984 ./system/src/cmsis/system_stm32f4xx.o
 .debug_line    0x00005810       0xf1 ./system/src/cmsis/vectors_stm32f407xx.o
 .debug_line    0x00005901      0x95a ./src/BlinkLed.o
 .debug_line    0x0000625b      0x9d8 ./src/Timer.o
 .debug_line    0x00006c33      0x97d ./src/_initialize_hardware.o
 .debug_line    0x000075b0      0x9d4 ./src/main.o
 .debug_line    0x00007f84      0x97e ./src/stm32f4xx_hal_msp.o

.debug_frame    0x00000000      0x918
 *(.debug_frame)
 .debug_frame   0x00000000      0x184 ./system/src/stm32f4-hal/stm32f4xx_hal.o
 .debug_frame   0x00000184      0x17c ./system/src/stm32f4-hal/stm32f4xx_hal_cortex.o
 .debug_frame   0x00000300       0xf0 ./system/src/stm32f4-hal/stm32f4xx_hal_gpio.o
 .debug_frame   0x000003f0      0x130 ./system/src/stm32f4-hal/stm32f4xx_hal_rcc.o
 .debug_frame   0x00000520       0x38 ./system/src/newlib/_exit.o
 .debug_frame   0x00000558       0x7c ./system/src/newlib/_startup.o
 .debug_frame   0x000005d4       0x50 ./system/src/newlib/_syscalls.o
 .debug_frame   0x00000624       0x40 ./system/src/newlib/assert.o
 .debug_frame   0x00000664       0x40 ./system/src/cortexm/_initialize_hardware.o
 .debug_frame   0x000006a4       0xe8 ./system/src/cortexm/exception_handlers.o
 .debug_frame   0x0000078c       0x30 ./system/src/cmsis/system_stm32f4xx.o
 .debug_frame   0x000007bc       0x20 ./system/src/cmsis/vectors_stm32f407xx.o
 .debug_frame   0x000007dc       0x28 ./src/BlinkLed.o
 .debug_frame   0x00000804       0x58 ./src/Timer.o
 .debug_frame   0x0000085c       0x44 ./src/_initialize_hardware.o
 .debug_frame   0x000008a0       0x28 ./src/main.o
 .debug_frame   0x000008c8       0x50 ./src/stm32f4xx_hal_msp.o

.debug_str      0x00000000    0x9914b
 *(.debug_str)
 .debug_str     0x00000000    0x9501b ./system/src/stm32f4-hal/stm32f4xx_hal.o
                              0x953a1 (size before relaxing)
 .debug_str     0x0009501b      0x393 ./system/src/stm32f4-hal/stm32f4xx_hal_cortex.o
                              0x95203 (size before relaxing)
 .debug_str     0x000953ae      0x2dd ./system/src/stm32f4-hal/stm32f4xx_hal_gpio.o
                              0x94c14 (size before relaxing)
 .debug_str     0x0009568b      0x393 ./system/src/stm32f4-hal/stm32f4xx_hal_rcc.o
                              0x94db2 (size before relaxing)
 .debug_str     0x00095a1e      0xeeb ./system/src/newlib/_exit.o
                               0x4f0b (size before relaxing)
 .debug_str     0x00096909      0x2cc ./system/src/newlib/_startup.o
                               0x40fd (size before relaxing)
 .debug_str     0x00096bd5     0x10a9 ./system/src/newlib/_syscalls.o
                               0x513d (size before relaxing)
 .debug_str     0x00097c7e       0xdc ./system/src/newlib/assert.o
                               0x5a17 (size before relaxing)
 .debug_str     0x00097d5a       0x77 ./system/src/cortexm/_initialize_hardware.o
                              0x948c3 (size before relaxing)
 .debug_str     0x00097dd1     0x1050 ./system/src/cortexm/exception_handlers.o
                              0x965f4 (size before relaxing)
 .debug_str     0x00098e21       0x46 ./system/src/cmsis/system_stm32f4xx.o
                              0x949a2 (size before relaxing)
 .debug_str     0x00098e67       0x59 ./system/src/cmsis/vectors_stm32f407xx.o
                               0x2fbd (size before relaxing)
 .debug_str     0x00098ec0      0x122 ./src/BlinkLed.o
                              0x94a3d (size before relaxing)
 .debug_str     0x00098fe2       0x76 ./src/Timer.o
                              0x94ec2 (size before relaxing)
 .debug_str     0x00099058       0x31 ./src/_initialize_hardware.o
                              0x94ae0 (size before relaxing)
 .debug_str     0x00099089       0x85 ./src/main.o
                              0x958ec (size before relaxing)
 .debug_str     0x0009910e       0x3d ./src/stm32f4xx_hal_msp.o
                              0x94802 (size before relaxing)

.debug_loc      0x00000000     0x17eb
 *(.debug_loc)
 .debug_loc     0x00000000       0x90 ./system/src/stm32f4-hal/stm32f4xx_hal.o
 .debug_loc     0x00000090      0x667 ./system/src/stm32f4-hal/stm32f4xx_hal_cortex.o
 .debug_loc     0x000006f7      0x481 ./system/src/stm32f4-hal/stm32f4xx_hal_gpio.o
 .debug_loc     0x00000b78      0x61c ./system/src/stm32f4-hal/stm32f4xx_hal_rcc.o
 .debug_loc     0x00001194      0x36e ./system/src/newlib/_startup.o
 .debug_loc     0x00001502       0x63 ./system/src/newlib/_syscalls.o
 .debug_loc     0x00001565       0xc6 ./system/src/newlib/assert.o
 .debug_loc     0x0000162b      0x125 ./system/src/cmsis/system_stm32f4xx.o
 .debug_loc     0x00001750       0x59 ./src/Timer.o
 .debug_loc     0x000017a9       0x42 ./src/main.o

.debug_macinfo
 *(.debug_macinfo)

.debug_weaknames
 *(.debug_weaknames)

.debug_funcnames
 *(.debug_funcnames)

.debug_typenames
 *(.debug_typenames)

.debug_varnames
 *(.debug_varnames)
OUTPUT(hello-f4.elf elf32-littlearm)

.debug_ranges   0x00000000      0x3b0
 .debug_ranges  0x00000000       0xb0 ./system/src/stm32f4-hal/stm32f4xx_hal.o
 .debug_ranges  0x000000b0       0x88 ./system/src/stm32f4-hal/stm32f4xx_hal_cortex.o
 .debug_ranges  0x00000138       0x48 ./system/src/stm32f4-hal/stm32f4xx_hal_gpio.o
 .debug_ranges  0x00000180       0x78 ./system/src/stm32f4-hal/stm32f4xx_hal_rcc.o
 .debug_ranges  0x000001f8       0x18 ./system/src/newlib/_exit.o
 .debug_ranges  0x00000210       0x30 ./system/src/newlib/_startup.o
 .debug_ranges  0x00000240       0x20 ./system/src/newlib/_syscalls.o
 .debug_ranges  0x00000260       0x18 ./system/src/newlib/assert.o
 .debug_ranges  0x00000278       0x18 ./system/src/cortexm/_initialize_hardware.o
 .debug_ranges  0x00000290       0x70 ./system/src/cortexm/exception_handlers.o
 .debug_ranges  0x00000300       0x18 ./system/src/cmsis/system_stm32f4xx.o
 .debug_ranges  0x00000318       0x10 ./system/src/cmsis/vectors_stm32f407xx.o
 .debug_ranges  0x00000328       0x10 ./src/BlinkLed.o
 .debug_ranges  0x00000338       0x28 ./src/Timer.o
 .debug_ranges  0x00000360       0x18 ./src/_initialize_hardware.o
 .debug_ranges  0x00000378       0x10 ./src/main.o
 .debug_ranges  0x00000388       0x28 ./src/stm32f4xx_hal_msp.o

.debug_macro    0x00000000    0x1ab6b
 .debug_macro   0x00000000      0x4ad ./system/src/stm32f4-hal/stm32f4xx_hal.o
 .debug_macro   0x000004ad      0x86e ./system/src/stm32f4-hal/stm32f4xx_hal.o
 .debug_macro   0x00000d1b      0x289 ./system/src/stm32f4-hal/stm32f4xx_hal.o
 .debug_macro   0x00000fa4       0x31 ./system/src/stm32f4-hal/stm32f4xx_hal.o
 .debug_macro   0x00000fd5       0x28 ./system/src/stm32f4-hal/stm32f4xx_hal.o
 .debug_macro   0x00000ffd      0x34e ./system/src/stm32f4-hal/stm32f4xx_hal.o
 .debug_macro   0x0000134b       0x35 ./system/src/stm32f4-hal/stm32f4xx_hal.o
 .debug_macro   0x00001380       0x50 ./system/src/stm32f4-hal/stm32f4xx_hal.o
 .debug_macro   0x000013d0      0xe66 ./system/src/stm32f4-hal/stm32f4xx_hal.o
 .debug_macro   0x00002236     0x93f9 ./system/src/stm32f4-hal/stm32f4xx_hal.o
 .debug_macro   0x0000b62f       0x43 ./system/src/stm32f4-hal/stm32f4xx_hal.o
 .debug_macro   0x0000b672     0x347f ./system/src/stm32f4-hal/stm32f4xx_hal.o
 .debug_macro   0x0000eaf1       0x58 ./system/src/stm32f4-hal/stm32f4xx_hal.o
 .debug_macro   0x0000eb49       0x16 ./system/src/stm32f4-hal/stm32f4xx_hal.o
 .debug_macro   0x0000eb5f       0x35 ./system/src/stm32f4-hal/stm32f4xx_hal.o
 .debug_macro   0x0000eb94       0xa3 ./system/src/stm32f4-hal/stm32f4xx_hal.o
 .debug_macro   0x0000ec37       0x16 ./system/src/stm32f4-hal/stm32f4xx_hal.o
 .debug_macro   0x0000ec4d       0x97 ./system/src/stm32f4-hal/stm32f4xx_hal.o
 .debug_macro   0x0000ece4       0x10 ./system/src/stm32f4-hal/stm32f4xx_hal.o
 .debug_macro   0x0000ecf4       0xf6 ./system/src/stm32f4-hal/stm32f4xx_hal.o
 .debug_macro   0x0000edea       0x4a ./system/src/stm32f4-hal/stm32f4xx_hal.o
 .debug_macro   0x0000ee34       0x52 ./system/src/stm32f4-hal/stm32f4xx_hal.o
 .debug_macro   0x0000ee86       0x16 ./system/src/stm32f4-hal/stm32f4xx_hal.o
 .debug_macro   0x0000ee9c       0x43 ./system/src/stm32f4-hal/stm32f4xx_hal.o
 .debug_macro   0x0000eedf      0x180 ./system/src/stm32f4-hal/stm32f4xx_hal.o
 .debug_macro   0x0000f05f       0x10 ./system/src/stm32f4-hal/stm32f4xx_hal.o
 .debug_macro   0x0000f06f       0x22 ./system/src/stm32f4-hal/stm32f4xx_hal.o
 .debug_macro   0x0000f091       0xbd ./system/src/stm32f4-hal/stm32f4xx_hal.o
 .debug_macro   0x0000f14e       0x16 ./system/src/stm32f4-hal/stm32f4xx_hal.o
 .debug_macro   0x0000f164      0x16c ./system/src/stm32f4-hal/stm32f4xx_hal.o
 .debug_macro   0x0000f2d0       0x5e ./system/src/stm32f4-hal/stm32f4xx_hal.o
 .debug_macro   0x0000f32e      0x964 ./system/src/stm32f4-hal/stm32f4xx_hal.o
 .debug_macro   0x0000fc92      0x9e1 ./system/src/stm32f4-hal/stm32f4xx_hal.o
 .debug_macro   0x00010673      0x11e ./system/src/stm32f4-hal/stm32f4xx_hal.o
 .debug_macro   0x00010791      0x13e ./system/src/stm32f4-hal/stm32f4xx_hal.o
 .debug_macro   0x000108cf       0x27 ./system/src/stm32f4-hal/stm32f4xx_hal.o
 .debug_macro   0x000108f6      0x287 ./system/src/stm32f4-hal/stm32f4xx_hal.o
 .debug_macro   0x00010b7d       0x5f ./system/src/stm32f4-hal/stm32f4xx_hal.o
 .debug_macro   0x00010bdc      0x23a ./system/src/stm32f4-hal/stm32f4xx_hal.o
 .debug_macro   0x00010e16      0x391 ./system/src/stm32f4-hal/stm32f4xx_hal.o
 .debug_macro   0x000111a7      0x16f ./system/src/stm32f4-hal/stm32f4xx_hal.o
 .debug_macro   0x00011316       0xf9 ./system/src/stm32f4-hal/stm32f4xx_hal.o
 .debug_macro   0x0001140f      0x36e ./system/src/stm32f4-hal/stm32f4xx_hal.o
 .debug_macro   0x0001177d       0x23 ./system/src/stm32f4-hal/stm32f4xx_hal.o
 .debug_macro   0x000117a0       0xe6 ./system/src/stm32f4-hal/stm32f4xx_hal.o
 .debug_macro   0x00011886       0xa1 ./system/src/stm32f4-hal/stm32f4xx_hal.o
 .debug_macro   0x00011927       0x3c ./system/src/stm32f4-hal/stm32f4xx_hal.o
 .debug_macro   0x00011963       0x1f ./system/src/stm32f4-hal/stm32f4xx_hal.o
 .debug_macro   0x00011982      0x1cd ./system/src/stm32f4-hal/stm32f4xx_hal.o
 .debug_macro   0x00011b4f      0xcd6 ./system/src/stm32f4-hal/stm32f4xx_hal.o
 .debug_macro   0x00012825      0x13a ./system/src/stm32f4-hal/stm32f4xx_hal.o
 .debug_macro   0x0001295f      0x21e ./system/src/stm32f4-hal/stm32f4xx_hal.o
 .debug_macro   0x00012b7d       0x2e ./system/src/stm32f4-hal/stm32f4xx_hal.o
 .debug_macro   0x00012bab      0x543 ./system/src/stm32f4-hal/stm32f4xx_hal.o
 .debug_macro   0x000130ee       0x88 ./system/src/stm32f4-hal/stm32f4xx_hal.o
 .debug_macro   0x00013176       0xd5 ./system/src/stm32f4-hal/stm32f4xx_hal.o
 .debug_macro   0x0001324b      0x183 ./system/src/stm32f4-hal/stm32f4xx_hal.o
 .debug_macro   0x000133ce      0x1a7 ./system/src/stm32f4-hal/stm32f4xx_hal.o
 .debug_macro   0x00013575       0xa5 ./system/src/stm32f4-hal/stm32f4xx_hal.o
 .debug_macro   0x0001361a      0x18b ./system/src/stm32f4-hal/stm32f4xx_hal.o
 .debug_macro   0x000137a5       0x24 ./system/src/stm32f4-hal/stm32f4xx_hal.o
 .debug_macro   0x000137c9       0x35 ./system/src/stm32f4-hal/stm32f4xx_hal.o
 .debug_macro   0x000137fe       0x79 ./system/src/stm32f4-hal/stm32f4xx_hal.o
 .debug_macro   0x00013877      0x11e ./system/src/stm32f4-hal/stm32f4xx_hal.o
 .debug_macro   0x00013995       0x7f ./system/src/stm32f4-hal/stm32f4xx_hal.o
 .debug_macro   0x00013a14       0x89 ./system/src/stm32f4-hal/stm32f4xx_hal.o
 .debug_macro   0x00013a9d       0x7e ./system/src/stm32f4-hal/stm32f4xx_hal.o
 .debug_macro   0x00013b1b      0x31a ./system/src/stm32f4-hal/stm32f4xx_hal.o
 .debug_macro   0x00013e35      0x409 ./system/src/stm32f4-hal/stm32f4xx_hal.o
 .debug_macro   0x0001423e       0xe4 ./system/src/stm32f4-hal/stm32f4xx_hal.o
 .debug_macro   0x00014322      0x48d ./system/src/stm32f4-hal/stm32f4xx_hal.o
 .debug_macro   0x000147af      0x22b ./system/src/stm32f4-hal/stm32f4xx_hal.o
 .debug_macro   0x000149da      0x202 ./system/src/stm32f4-hal/stm32f4xx_hal.o
 .debug_macro   0x00014bdc      0x6d9 ./system/src/stm32f4-hal/stm32f4xx_hal.o
 .debug_macro   0x000152b5       0x5b ./system/src/stm32f4-hal/stm32f4xx_hal.o
 .debug_macro   0x00015310      0x14d ./system/src/stm32f4-hal/stm32f4xx_hal.o
 .debug_macro   0x0001545d      0x287 ./system/src/stm32f4-hal/stm32f4xx_hal.o
 .debug_macro   0x000156e4      0x225 ./system/src/stm32f4-hal/stm32f4xx_hal.o
 .debug_macro   0x00015909      0x1b5 ./system/src/stm32f4-hal/stm32f4xx_hal.o
 .debug_macro   0x00015abe      0x2db ./system/src/stm32f4-hal/stm32f4xx_hal.o
 .debug_macro   0x00015d99       0x89 ./system/src/stm32f4-hal/stm32f4xx_hal.o
 .debug_macro   0x00015e22      0x1df ./system/src/stm32f4-hal/stm32f4xx_hal.o
 .debug_macro   0x00016001      0x115 ./system/src/stm32f4-hal/stm32f4xx_hal.o
 .debug_macro   0x00016116       0x6e ./system/src/stm32f4-hal/stm32f4xx_hal.o
 .debug_macro   0x00016184      0x125 ./system/src/stm32f4-hal/stm32f4xx_hal.o
 .debug_macro   0x000162a9      0x45f ./system/src/stm32f4-hal/stm32f4xx_hal_cortex.o
 .debug_macro   0x00016708      0x497 ./system/src/stm32f4-hal/stm32f4xx_hal_gpio.o
 .debug_macro   0x00016b9f      0x489 ./system/src/stm32f4-hal/stm32f4xx_hal_rcc.o
 .debug_macro   0x00017028      0x11b ./system/src/newlib/_exit.o
 .debug_macro   0x00017143      0x10e ./system/src/newlib/_exit.o
 .debug_macro   0x00017251       0x86 ./system/src/newlib/_exit.o
 .debug_macro   0x000172d7       0x10 ./system/src/newlib/_exit.o
 .debug_macro   0x000172e7       0x35 ./system/src/newlib/_exit.o
 .debug_macro   0x0001731c       0xdb ./system/src/newlib/_startup.o
 .debug_macro   0x000173f7      0x874 ./system/src/newlib/_startup.o
 .debug_macro   0x00017c6b      0x169 ./system/src/newlib/_syscalls.o
 .debug_macro   0x00017dd4       0x1c ./system/src/newlib/_syscalls.o
 .debug_macro   0x00017df0       0x10 ./system/src/newlib/_syscalls.o
 .debug_macro   0x00017e00       0x10 ./system/src/newlib/_syscalls.o
 .debug_macro   0x00017e10       0x10 ./system/src/newlib/_syscalls.o
 .debug_macro   0x00017e20       0x35 ./system/src/newlib/_syscalls.o
 .debug_macro   0x00017e55      0x120 ./system/src/newlib/_syscalls.o
 .debug_macro   0x00017f75       0x22 ./system/src/newlib/_syscalls.o
 .debug_macro   0x00017f97       0x2b ./system/src/newlib/_syscalls.o
 .debug_macro   0x00017fc2      0x118 ./system/src/newlib/_syscalls.o
 .debug_macro   0x000180da      0x13a ./system/src/newlib/_syscalls.o
 .debug_macro   0x00018214       0x16 ./system/src/newlib/_syscalls.o
 .debug_macro   0x0001822a      0x137 ./system/src/newlib/assert.o
 .debug_macro   0x00018361       0x1c ./system/src/newlib/assert.o
 .debug_macro   0x0001837d      0x469 ./system/src/cortexm/_initialize_hardware.o
 .debug_macro   0x000187e6      0x4dc ./system/src/cortexm/exception_handlers.o
 .debug_macro   0x00018cc2       0x3b ./system/src/cortexm/exception_handlers.o
 .debug_macro   0x00018cfd       0x22 ./system/src/cortexm/exception_handlers.o
 .debug_macro   0x00018d1f      0x283 ./system/src/cortexm/exception_handlers.o
 .debug_macro   0x00018fa2       0x10 ./system/src/cortexm/exception_handlers.o
 .debug_macro   0x00018fb2       0x1f ./system/src/cortexm/exception_handlers.o
 .debug_macro   0x00018fd1      0x465 ./system/src/cmsis/system_stm32f4xx.o
 .debug_macro   0x00019436       0x34 ./system/src/cmsis/vectors_stm32f407xx.o
 .debug_macro   0x0001946a      0x46e ./src/BlinkLed.o
 .debug_macro   0x000198d8       0x28 ./src/BlinkLed.o
 .debug_macro   0x00019900      0x482 ./src/Timer.o
 .debug_macro   0x00019d82       0x10 ./src/Timer.o
 .debug_macro   0x00019d92      0x45f ./src/_initialize_hardware.o
 .debug_macro   0x0001a1f1      0x4ed ./src/main.o
 .debug_macro   0x0001a6de       0x2e ./src/main.o
 .debug_macro   0x0001a70c      0x45f ./src/stm32f4xx_hal_msp.o
